Archive member included to satisfy reference by file (symbol)

d:/mounriver/mounriver_studio/toolchain/risc-v embedded gcc/bin/../lib/gcc/riscv-none-embed/8.2.0/../../../../riscv-none-embed/lib/rv32imafc/ilp32f\libm.a(lib_a-s_cos.o)
                              ./zf_device/zf_device_gps_tau1201.o (cos)
d:/mounriver/mounriver_studio/toolchain/risc-v embedded gcc/bin/../lib/gcc/riscv-none-embed/8.2.0/../../../../riscv-none-embed/lib/rv32imafc/ilp32f\libm.a(lib_a-s_sin.o)
                              ./zf_device/zf_device_gps_tau1201.o (sin)
d:/mounriver/mounriver_studio/toolchain/risc-v embedded gcc/bin/../lib/gcc/riscv-none-embed/8.2.0/../../../../riscv-none-embed/lib/rv32imafc/ilp32f\libm.a(lib_a-w_asin.o)
                              ./zf_device/zf_device_gps_tau1201.o (asin)
d:/mounriver/mounriver_studio/toolchain/risc-v embedded gcc/bin/../lib/gcc/riscv-none-embed/8.2.0/../../../../riscv-none-embed/lib/rv32imafc/ilp32f\libm.a(lib_a-w_atan2.o)
                              ./zf_device/zf_device_gps_tau1201.o (atan2)
d:/mounriver/mounriver_studio/toolchain/risc-v embedded gcc/bin/../lib/gcc/riscv-none-embed/8.2.0/../../../../riscv-none-embed/lib/rv32imafc/ilp32f\libm.a(lib_a-w_pow.o)
                              ./zf_device/zf_device_gps_tau1201.o (pow)
d:/mounriver/mounriver_studio/toolchain/risc-v embedded gcc/bin/../lib/gcc/riscv-none-embed/8.2.0/../../../../riscv-none-embed/lib/rv32imafc/ilp32f\libm.a(lib_a-w_sqrt.o)
                              ./zf_device/zf_device_gps_tau1201.o (sqrt)
d:/mounriver/mounriver_studio/toolchain/risc-v embedded gcc/bin/../lib/gcc/riscv-none-embed/8.2.0/../../../../riscv-none-embed/lib/rv32imafc/ilp32f\libm.a(lib_a-e_asin.o)
                              d:/mounriver/mounriver_studio/toolchain/risc-v embedded gcc/bin/../lib/gcc/riscv-none-embed/8.2.0/../../../../riscv-none-embed/lib/rv32imafc/ilp32f\libm.a(lib_a-w_asin.o) (__ieee754_asin)
d:/mounriver/mounriver_studio/toolchain/risc-v embedded gcc/bin/../lib/gcc/riscv-none-embed/8.2.0/../../../../riscv-none-embed/lib/rv32imafc/ilp32f\libm.a(lib_a-e_atan2.o)
                              d:/mounriver/mounriver_studio/toolchain/risc-v embedded gcc/bin/../lib/gcc/riscv-none-embed/8.2.0/../../../../riscv-none-embed/lib/rv32imafc/ilp32f\libm.a(lib_a-w_atan2.o) (__ieee754_atan2)
d:/mounriver/mounriver_studio/toolchain/risc-v embedded gcc/bin/../lib/gcc/riscv-none-embed/8.2.0/../../../../riscv-none-embed/lib/rv32imafc/ilp32f\libm.a(lib_a-e_pow.o)
                              d:/mounriver/mounriver_studio/toolchain/risc-v embedded gcc/bin/../lib/gcc/riscv-none-embed/8.2.0/../../../../riscv-none-embed/lib/rv32imafc/ilp32f\libm.a(lib_a-w_pow.o) (__ieee754_pow)
d:/mounriver/mounriver_studio/toolchain/risc-v embedded gcc/bin/../lib/gcc/riscv-none-embed/8.2.0/../../../../riscv-none-embed/lib/rv32imafc/ilp32f\libm.a(lib_a-e_rem_pio2.o)
                              d:/mounriver/mounriver_studio/toolchain/risc-v embedded gcc/bin/../lib/gcc/riscv-none-embed/8.2.0/../../../../riscv-none-embed/lib/rv32imafc/ilp32f\libm.a(lib_a-s_cos.o) (__ieee754_rem_pio2)
d:/mounriver/mounriver_studio/toolchain/risc-v embedded gcc/bin/../lib/gcc/riscv-none-embed/8.2.0/../../../../riscv-none-embed/lib/rv32imafc/ilp32f\libm.a(lib_a-e_sqrt.o)
                              d:/mounriver/mounriver_studio/toolchain/risc-v embedded gcc/bin/../lib/gcc/riscv-none-embed/8.2.0/../../../../riscv-none-embed/lib/rv32imafc/ilp32f\libm.a(lib_a-w_sqrt.o) (__ieee754_sqrt)
d:/mounriver/mounriver_studio/toolchain/risc-v embedded gcc/bin/../lib/gcc/riscv-none-embed/8.2.0/../../../../riscv-none-embed/lib/rv32imafc/ilp32f\libm.a(lib_a-k_cos.o)
                              d:/mounriver/mounriver_studio/toolchain/risc-v embedded gcc/bin/../lib/gcc/riscv-none-embed/8.2.0/../../../../riscv-none-embed/lib/rv32imafc/ilp32f\libm.a(lib_a-s_cos.o) (__kernel_cos)
d:/mounriver/mounriver_studio/toolchain/risc-v embedded gcc/bin/../lib/gcc/riscv-none-embed/8.2.0/../../../../riscv-none-embed/lib/rv32imafc/ilp32f\libm.a(lib_a-k_rem_pio2.o)
                              d:/mounriver/mounriver_studio/toolchain/risc-v embedded gcc/bin/../lib/gcc/riscv-none-embed/8.2.0/../../../../riscv-none-embed/lib/rv32imafc/ilp32f\libm.a(lib_a-e_rem_pio2.o) (__kernel_rem_pio2)
d:/mounriver/mounriver_studio/toolchain/risc-v embedded gcc/bin/../lib/gcc/riscv-none-embed/8.2.0/../../../../riscv-none-embed/lib/rv32imafc/ilp32f\libm.a(lib_a-k_sin.o)
                              d:/mounriver/mounriver_studio/toolchain/risc-v embedded gcc/bin/../lib/gcc/riscv-none-embed/8.2.0/../../../../riscv-none-embed/lib/rv32imafc/ilp32f\libm.a(lib_a-s_cos.o) (__kernel_sin)
d:/mounriver/mounriver_studio/toolchain/risc-v embedded gcc/bin/../lib/gcc/riscv-none-embed/8.2.0/../../../../riscv-none-embed/lib/rv32imafc/ilp32f\libm.a(lib_a-s_atan.o)
[...]
Memory Configuration

Name             Origin             Length             Attributes
RAM              0x0000000020000000 0x0000000000010000 xrw
FLASH            0x0000000000000000 0x0000000000040000 xr
*default*        0x0000000000000000 0xffffffffffffffff

Linker script and memory map

LOAD ./zf_driver/zf_driver_adc.o
LOAD ./zf_driver/zf_driver_delay.o
LOAD ./zf_driver/zf_driver_dvp.o
LOAD ./zf_driver/zf_driver_encoder.o
LOAD ./zf_driver/zf_driver_exti.o
LOAD ./zf_driver/zf_driver_flash.o
LOAD ./zf_driver/zf_driver_gpio.o
LOAD ./zf_driver/zf_driver_iic.o
LOAD ./zf_driver/zf_driver_pit.o
LOAD ./zf_driver/zf_driver_pwm.o
LOAD ./zf_driver/zf_driver_soft_iic.o
LOAD ./zf_driver/zf_driver_soft_spi.o
LOAD ./zf_driver/zf_driver_spi.o
LOAD ./zf_driver/zf_driver_timer.o
LOAD ./zf_driver/zf_driver_uart.o
LOAD ./zf_driver/zf_driver_usb_cdc.o
LOAD ./zf_device/zf_device_absolute_encoder.o
LOAD ./zf_device/zf_device_aht20.o
LOAD ./zf_device/zf_device_bluetooth_ch9141.o
LOAD ./zf_device/zf_device_camera.o
LOAD ./zf_device/zf_device_dl1a.o
LOAD ./zf_device/zf_device_dm1xa.o
LOAD ./zf_device/zf_device_gps_tau1201.o
LOAD ./zf_device/zf_device_icm20602.o
LOAD ./zf_device/zf_device_imu660ra.o
LOAD ./zf_device/zf_device_imu963ra.o
LOAD ./zf_device/zf_device_ips114.o
LOAD ./zf_device/zf_device_ips200.o
LOAD ./zf_device/zf_device_k24c02.o
LOAD ./zf_device/zf_device_key.o
LOAD ./zf_device/zf_device_mpu6050.o
LOAD ./zf_device/zf_device_mt9v03x_dvp.o
LOAD ./zf_device/zf_device_oled.o
LOAD ./zf_device/zf_device_scc8660_dvp.o
LOAD ./zf_device/zf_device_tft180.o
LOAD ./zf_device/zf_device_type.o
LOAD ./zf_device/zf_device_virtual_oscilloscope.o
LOAD ./zf_device/zf_device_w25q32.o
LOAD ./zf_device/zf_device_wifi_uart.o
LOAD ./zf_device/zf_device_wireless_ch573.o
LOAD ./zf_device/zf_device_wireless_uart.o
LOAD ./zf_common/zf_common_clock.o
LOAD ./zf_common/zf_common_debug.o
LOAD ./zf_common/zf_common_fifo.o
LOAD ./zf_common/zf_common_font.o
LOAD ./zf_common/zf_common_function.o
LOAD ./zf_common/zf_common_interrupt.o
LOAD ./user_c/isr.o
LOAD ./user_c/main.o
LOAD ./sdk/Startup/startup_ch32v30x_D8C.o
LOAD ./sdk/Peripheral/ch32v30x_adc.o
LOAD ./sdk/Peripheral/ch32v30x_bkp.o
LOAD ./sdk/Peripheral/ch32v30x_can.o
LOAD ./sdk/Peripheral/ch32v30x_crc.o
LOAD ./sdk/Peripheral/ch32v30x_dac.o
LOAD ./sdk/Peripheral/ch32v30x_dbgmcu.o
LOAD ./sdk/Peripheral/ch32v30x_dma.o
LOAD ./sdk/Peripheral/ch32v30x_dvp.o
LOAD ./sdk/Peripheral/ch32v30x_eth.o
LOAD ./sdk/Peripheral/ch32v30x_exti.o
LOAD ./sdk/Peripheral/ch32v30x_flash.o
LOAD ./sdk/Peripheral/ch32v30x_fsmc.o
LOAD ./sdk/Peripheral/ch32v30x_gpio.o
LOAD ./sdk/Peripheral/ch32v30x_i2c.o
LOAD ./sdk/Peripheral/ch32v30x_iwdg.o
LOAD ./sdk/Peripheral/ch32v30x_opa.o
LOAD ./sdk/Peripheral/ch32v30x_pwr.o
LOAD ./sdk/Peripheral/ch32v30x_rcc.o
LOAD ./sdk/Peripheral/ch32v30x_rng.o
LOAD ./sdk/Peripheral/ch32v30x_rtc.o
LOAD ./sdk/Peripheral/ch32v30x_sdio.o
LOAD ./sdk/Peripheral/ch32v30x_spi.o
LOAD ./sdk/Peripheral/ch32v30x_tim.o
LOAD ./sdk/Peripheral/ch32v30x_usart.o
LOAD ./sdk/Peripheral/ch32v30x_usbotg_device.o
LOAD ./sdk/Peripheral/ch32v30x_wwdg.o
LOAD ./sdk/Core/core_riscv.o
LOAD ./code/ADC.o
LOAD ./code/PID.o
LOAD ./code/bluetooth.o
LOAD ./code/camera.o
LOAD ./code/control.o
LOAD ./code/element_discover.o
LOAD ./code/key.o
LOAD ./code/split.o
LOAD ./code/swj.o
LOAD ./code/tof.o
LOAD ./code/tuoluoyi.o
LOAD d:/mounriver/mounriver_studio/toolchain/risc-v embedded gcc/bin/../lib/gcc/riscv-none-embed/8.2.0/../../../../riscv-none-embed/lib/rv32imafc/ilp32f\libm.a
LOAD D:\MounRiver\youqu\E08_06_dm1ra_demo\libraries\zf_device\libzf_device_config.a
LOAD d:/mounriver/mounriver_studio/toolchain/risc-v embedded gcc/bin/../lib/gcc/riscv-none-embed/8.2.0/rv32imafc/ilp32f\libgcc.a
LOAD d:/mounriver/mounriver_studio/toolchain/risc-v embedded gcc/bin/../lib/gcc/riscv-none-embed/8.2.0/../../../../riscv-none-embed/lib/rv32imafc/ilp32f\libg_nano.a
LOAD d:/mounriver/mounriver_studio/toolchain/risc-v embedded gcc/bin/../lib/gcc/riscv-none-embed/8.2.0/../../../../riscv-none-embed/lib/rv32imafc/ilp32f\libc_nano.a
LOAD d:/mounriver/mounriver_studio/toolchain/risc-v embedded gcc/bin/../lib/gcc/riscv-none-embed/8.2.0/rv32imafc/ilp32f\libgcc.a
START GROUP
LOAD d:/mounriver/mounriver_studio/toolchain/risc-v embedded gcc/bin/../lib/gcc/riscv-none-embed/8.2.0/rv32imafc/ilp32f\libgcc.a
LOAD d:/mounriver/mounriver_studio/toolchain/risc-v embedded gcc/bin/../lib/gcc/riscv-none-embed/8.2.0/../../../../riscv-none-embed/lib/rv32imafc/ilp32f\libc_nano.a
LOAD d:/mounriver/mounriver_studio/toolchain/risc-v embedded gcc/bin/../lib/gcc/riscv-none-embed/8.2.0/../../../../riscv-none-embed/lib/rv32imafc/ilp32f\libnosys.a
END GROUP
START GROUP
LOAD d:/mounriver/mounriver_studio/toolchain/risc-v embedded gcc/bin/../lib/gcc/riscv-none-embed/8.2.0/rv32imafc/ilp32f\libgcc.a
LOAD d:/mounriver/mounriver_studio/toolchain/risc-v embedded gcc/bin/../lib/gcc/riscv-none-embed/8.2.0/../../../../riscv-none-embed/lib/rv32imafc/ilp32f\libc_nano.a
LOAD d:/mounriver/mounriver_studio/toolchain/risc-v embedded gcc/bin/../lib/gcc/riscv-none-embed/8.2.0/../../../../riscv-none-embed/lib/rv32imafc/ilp32f\libnosys.a
END GROUP
                0x0000000000000800                __stack_size = 0x800
                [!provide]                        PROVIDE (_stack_size = __stack_size)

.init           0x0000000000000000       0x38
                0x0000000000000000                _sinit = .
                0x0000000000000000                . = ALIGN (0x4)
 *(SORT_NONE(.init))
 .init          0x0000000000000000       0x38 ./sdk/Startup/startup_ch32v30x_D8C.o
                0x0000000000000000                _start
                0x0000000000000038                . = ALIGN (0x4)
                0x0000000000000038                _einit = .

.vector         0x0000000000000038      0x1c8
 *(.vector)
 .vector        0x0000000000000038      0x1a0 ./sdk/Startup/startup_ch32v30x_D8C.o
                0x0000000000000200                . = ALIGN (0x40)
 *fill*         0x00000000000001d8       0x28 

.text           0x0000000000000200    0x16134
                0x0000000000000200                . = ALIGN (0x4)
 *(.text)
 .text          0x0000000000000200       0xa8 d:/mounriver/mounriver_studio/toolchain/risc-v embedded gcc/bin/../lib/gcc/riscv-none-embed/8.2.0/../../../../riscv-none-embed/lib/rv32imafc/ilp32f\libg_nano.a(lib_a-memset.o)
                0x0000000000000200                memset
 *(.text.*)
 .text.adc_convert
                0x00000000000002a8       0xbc ./zf_driver/zf_driver_adc.o
                0x00000000000002a8                adc_convert
 .text.adc_mean_filter_convert
                0x0000000000000364       0x7c ./zf_driver/zf_driver_adc.o
                0x0000000000000364                adc_mean_filter_convert
 .text.adc_init
                0x00000000000003e0      0x194 ./zf_driver/zf_driver_adc.o
                0x00000000000003e0                adc_init
 .text.system_delay
                0x0000000000000574       0x9a ./zf_driver/zf_driver_delay.o
                0x0000000000000574                system_delay
 .text.dvp_gpio_init
                0x000000000000060e      0x118 ./zf_driver/zf_driver_dvp.o
                0x000000000000060e                dvp_gpio_init
 .text.dvp_camera_init
                0x0000000000000726      0x144 ./zf_driver/zf_driver_dvp.o
                0x0000000000000726                dvp_camera_init
 .text.encoder_get_count
                0x000000000000086a      0x14e ./zf_driver/zf_driver_encoder.o
                0x000000000000086a                encoder_get_count
 .text.encoder_clear_count
                0x00000000000009b8       0x9a ./zf_driver/zf_driver_encoder.o
                0x00000000000009b8                encoder_clear_count
 .text.encoder_dir_init
                0x0000000000000a52      0x2ec ./zf_driver/zf_driver_encoder.o
                0x0000000000000a52                encoder_dir_init
 .text.exti_init
                0x0000000000000d3e      0x108 ./zf_driver/zf_driver_exti.o
                0x0000000000000d3e                exti_init
 .text.gpio_set_level
                0x0000000000000e46       0x78 ./zf_driver/zf_driver_gpio.o
                0x0000000000000e46                gpio_set_level
 .text.gpio_get_level
                0x0000000000000ebe       0x42 ./zf_driver/zf_driver_gpio.o
                0x0000000000000ebe                gpio_get_level
 .text.gpio_init
                0x0000000000000f00      0x15c ./zf_driver/zf_driver_gpio.o
                0x0000000000000f00                gpio_init
 .text.pit_init
                0x000000000000105c      0x218 ./zf_driver/zf_driver_pit.o
                0x000000000000105c                pit_init
 .text.pwm_set_duty
                0x0000000000001274      0x166 ./zf_driver/zf_driver_pwm.o
                0x0000000000001274                pwm_set_duty
 .text.pwm_init
                0x00000000000013da      0x416 ./zf_driver/zf_driver_pwm.o
                0x00000000000013da                pwm_init
 .text.soft_iic_start
                0x00000000000017f0      0x128 ./zf_driver/zf_driver_soft_iic.o
 .text.soft_iic_stop
                0x0000000000001918      0x142 ./zf_driver/zf_driver_soft_iic.o
 .text.soft_iic_send_ack
                0x0000000000001a5a      0x196 ./zf_driver/zf_driver_soft_iic.o
 .text.soft_iic_wait_ack
                0x0000000000001bf0      0x160 ./zf_driver/zf_driver_soft_iic.o
 .text.soft_iic_send_data
                0x0000000000001d50      0x16e ./zf_driver/zf_driver_soft_iic.o
 .text.soft_iic_read_data
                0x0000000000001ebe      0x1ea ./zf_driver/zf_driver_soft_iic.o
 .text.soft_iic_sccb_write_register
                0x00000000000020a8       0x80 ./zf_driver/zf_driver_soft_iic.o
                0x00000000000020a8                soft_iic_sccb_write_register
 .text.soft_iic_sccb_read_register
                0x0000000000002128       0xb4 ./zf_driver/zf_driver_soft_iic.o
                0x0000000000002128                soft_iic_sccb_read_register
 .text.soft_iic_init
                0x00000000000021dc       0xb2 ./zf_driver/zf_driver_soft_iic.o
                0x00000000000021dc                soft_iic_init
 .text.spi_write_8bit
                0x000000000000228e       0x6a ./zf_driver/zf_driver_spi.o
                0x000000000000228e                spi_write_8bit
 .text.spi_write_16bit
                0x00000000000022f8       0xa6 ./zf_driver/zf_driver_spi.o
                0x00000000000022f8                spi_write_16bit
 .text.spi_read_8bit_registers
                0x000000000000239e       0xe4 ./zf_driver/zf_driver_spi.o
                0x000000000000239e                spi_read_8bit_registers
 .text.spi_init
                0x0000000000002482      0x2f0 ./zf_driver/zf_driver_spi.o
                0x0000000000002482                spi_init
 .text.timer_funciton_check
                0x0000000000002772       0x66 ./zf_driver/zf_driver_timer.o
                0x0000000000002772                timer_funciton_check
 .text.timer_clock_enable
                0x00000000000027d8       0xe2 ./zf_driver/zf_driver_timer.o
                0x00000000000027d8                timer_clock_enable
 .text.timer_start
                0x00000000000028ba       0xca ./zf_driver/zf_driver_timer.o
                0x00000000000028ba                timer_start
 .text.timer_get
                0x0000000000002984       0xfe ./zf_driver/zf_driver_timer.o
                0x0000000000002984                timer_get
 .text.timer_clear
                0x0000000000002a82       0xc4 ./zf_driver/zf_driver_timer.o
                0x0000000000002a82                timer_clear
 .text.timer_init
                0x0000000000002b46      0x1a0 ./zf_driver/zf_driver_timer.o
                0x0000000000002b46                timer_init
 .text.uart_write_byte
                0x0000000000002ce6       0x56 ./zf_driver/zf_driver_uart.o
                0x0000000000002ce6                uart_write_byte
 .text.uart_write_buffer
                0x0000000000002d3c       0x64 ./zf_driver/zf_driver_uart.o
                0x0000000000002d3c                uart_write_buffer
 .text.uart_write_string
                0x0000000000002da0       0x60 ./zf_driver/zf_driver_uart.o
                0x0000000000002da0                uart_write_string
 .text.uart_rx_interrupt
                0x0000000000002e00       0x84 ./zf_driver/zf_driver_uart.o
                0x0000000000002e00                uart_rx_interrupt
 .text.uart_query_byte
                0x0000000000002e84       0x5e ./zf_driver/zf_driver_uart.o
                0x0000000000002e84                uart_query_byte
 .text.uart_init
                0x0000000000002ee2      0x5a6 ./zf_driver/zf_driver_uart.o
                0x0000000000002ee2                uart_init
 .text.camera_fifo_init
                0x0000000000003488       0x22 ./zf_device/zf_device_camera.o
                0x0000000000003488                camera_fifo_init
 .text.dm1xa_sound_callback
                0x00000000000034aa       0xf2 ./zf_device/zf_device_dm1xa.o
                0x00000000000034aa                dm1xa_sound_callback
 .text.dm1xa_light_callback
                0x000000000000359c       0x32 ./zf_device/zf_device_dm1xa.o
                0x000000000000359c                dm1xa_light_callback
 .text.dm1xa_receiver_ranging
                0x00000000000035ce       0x50 ./zf_device/zf_device_dm1xa.o
                0x00000000000035ce                dm1xa_receiver_ranging
 .text.dm1xa_init
                0x000000000000361e      0x150 ./zf_device/zf_device_dm1xa.o
                0x000000000000361e                dm1xa_init
 .text.imu660ra_read_registers
                0x000000000000376e       0xa0 ./zf_device/zf_device_imu660ra.o
 .text.imu660ra_get_acc
                0x000000000000380e       0x7e ./zf_device/zf_device_imu660ra.o
                0x000000000000380e                imu660ra_get_acc
 .text.imu660ra_get_gyro
                0x000000000000388c       0x7e ./zf_device/zf_device_imu660ra.o
                0x000000000000388c                imu660ra_get_gyro
 .text.mt9v03x_set_config
                0x000000000000390a      0x14c ./zf_device/zf_device_mt9v03x_dvp.o
 .text.mt9v03x_get_config
                0x0000000000003a56      0x174 ./zf_device/zf_device_mt9v03x_dvp.o
 .text.mt9v03x_uart_handler
                0x0000000000003bca       0x44 ./zf_device/zf_device_mt9v03x_dvp.o
 .text.mt9v03x_dvp_handler
                0x0000000000003c0e       0x14 ./zf_device/zf_device_mt9v03x_dvp.o
                0x0000000000003c0e                mt9v03x_dvp_handler
 .text.mt9v03x_get_version
                0x0000000000003c22       0xda ./zf_device/zf_device_mt9v03x_dvp.o
                0x0000000000003c22                mt9v03x_get_version
 .text.mt9v03x_init
                0x0000000000003cfc      0x190 ./zf_device/zf_device_mt9v03x_dvp.o
                0x0000000000003cfc                mt9v03x_init
 .text.tft180_write_index
                0x0000000000003e8c       0x7c ./zf_device/zf_device_tft180.o
 .text.tft180_set_region
                0x0000000000003f08      0x1e6 ./zf_device/zf_device_tft180.o
 .text.tft180_debug_init
                0x00000000000040ee       0x86 ./zf_device/zf_device_tft180.o
 .text.tft180_clear
                0x0000000000004174       0x88 ./zf_device/zf_device_tft180.o
                0x0000000000004174                tft180_clear
 .text.tft180_set_dir
                0x00000000000041fc       0x46 ./zf_device/zf_device_tft180.o
                0x00000000000041fc                tft180_set_dir
 .text.tft180_set_color
                0x0000000000004242       0x2c ./zf_device/zf_device_tft180.o
                0x0000000000004242                tft180_set_color
 .text.tft180_draw_point
                0x000000000000426e       0xb4 ./zf_device/zf_device_tft180.o
                0x000000000000426e                tft180_draw_point
 .text.tft180_show_char
                0x0000000000004322      0x29a ./zf_device/zf_device_tft180.o
                0x0000000000004322                tft180_show_char
 .text.tft180_show_string
                0x00000000000045bc      0x122 ./zf_device/zf_device_tft180.o
                0x00000000000045bc                tft180_show_string
 .text.tft180_show_int
                0x00000000000046de      0x146 ./zf_device/zf_device_tft180.o
                0x00000000000046de                tft180_show_int
 .text.tft180_show_float
                0x0000000000004824      0x1b6 ./zf_device/zf_device_tft180.o
                0x0000000000004824                tft180_show_float
 .text.tft180_show_gray_image
                0x00000000000049da      0x23e ./zf_device/zf_device_tft180.o
                0x00000000000049da                tft180_show_gray_image
 .text.tft180_init
                0x0000000000004c18      0x44e ./zf_device/zf_device_tft180.o
                0x0000000000004c18                tft180_init
 .text.type_default_callback
                0x0000000000005066        0xe ./zf_device/zf_device_type.o
 .text.set_camera_type
                0x0000000000005074       0x52 ./zf_device/zf_device_type.o
                0x0000000000005074                set_camera_type
 .text.clock_reset
                0x00000000000050c6       0x76 ./zf_common/zf_common_clock.o
 .text.clock_set_freq
                0x000000000000513c      0x1d8 ./zf_common/zf_common_clock.o
 .text.clock_init
                0x0000000000005314       0x2e ./zf_common/zf_common_clock.o
                0x0000000000005314                clock_init
 .text.__NOP    0x0000000000005342       0x10 ./zf_common/zf_common_debug.o
 .text.debug_delay
                0x0000000000005352       0x54 ./zf_common/zf_common_debug.o
 .text.debug_protective_handler
                0x00000000000053a6        0xe ./zf_common/zf_common_debug.o
 .text.debug_uart_str_output
                0x00000000000053b4       0x20 ./zf_common/zf_common_debug.o
 .text.debug_output
                0x00000000000053d4      0x564 ./zf_common/zf_common_debug.o
 .text._write   0x0000000000005938       0x7c ./zf_common/zf_common_debug.o
                0x0000000000005938                _write
 .text.debug_assert_handler
                0x00000000000059b4       0x68 ./zf_common/zf_common_debug.o
                0x00000000000059b4                debug_assert_handler
 .text.debug_log_handler
                0x0000000000005a1c       0x4e ./zf_common/zf_common_debug.o
                0x0000000000005a1c                debug_log_handler
 .text.debug_output_struct_init
                0x0000000000005a6a       0x5a ./zf_common/zf_common_debug.o
                0x0000000000005a6a                debug_output_struct_init
 .text.debug_output_init
                0x0000000000005ac4       0xa8 ./zf_common/zf_common_debug.o
                0x0000000000005ac4                debug_output_init
 .text.debug_init
                0x0000000000005b6c       0x4a ./zf_common/zf_common_debug.o
                0x0000000000005b6c                debug_init
 .text.fifo_head_offset
                0x0000000000005bb6       0x4e ./zf_common/zf_common_fifo.o
 .text.fifo_end_offset
                0x0000000000005c04       0x4e ./zf_common/zf_common_fifo.o
 .text.fifo_clear
                0x0000000000005c52      0x100 ./zf_common/zf_common_fifo.o
                0x0000000000005c52                fifo_clear
 .text.fifo_used
                0x0000000000005d52       0x44 ./zf_common/zf_common_fifo.o
                0x0000000000005d52                fifo_used
 .text.fifo_write_element
                0x0000000000005d96      0x118 ./zf_common/zf_common_fifo.o
                0x0000000000005d96                fifo_write_element
 .text.fifo_read_buffer
                0x0000000000005eae      0x2e0 ./zf_common/zf_common_fifo.o
                0x0000000000005eae                fifo_read_buffer
 .text.fifo_init
                0x000000000000618e       0x96 ./zf_common/zf_common_fifo.o
                0x000000000000618e                fifo_init
 .text.func_int_to_str
                0x0000000000006224      0x116 ./zf_common/zf_common_function.o
                0x0000000000006224                func_int_to_str
 .text.func_float_to_str
                0x000000000000633a      0x260 ./zf_common/zf_common_function.o
                0x000000000000633a                func_float_to_str
 .text.__enable_irq
                0x000000000000659a       0x18 ./zf_common/zf_common_interrupt.o
 .text.__disable_irq
                0x00000000000065b2       0x14 ./zf_common/zf_common_interrupt.o
 .text.NVIC_EnableIRQ
                0x00000000000065c6       0x32 ./zf_common/zf_common_interrupt.o
 .text.NVIC_DisableIRQ
                0x00000000000065f8       0x32 ./zf_common/zf_common_interrupt.o
 .text.NVIC_SetPriority
                0x000000000000662a       0x2a ./zf_common/zf_common_interrupt.o
 .text.interrupt_enable
                0x0000000000006654       0x1e ./zf_common/zf_common_interrupt.o
                0x0000000000006654                interrupt_enable
 .text.interrupt_disable
                0x0000000000006672       0x1e ./zf_common/zf_common_interrupt.o
                0x0000000000006672                interrupt_disable
 .text.interrupt_set_priority
                0x0000000000006690       0x2a ./zf_common/zf_common_interrupt.o
                0x0000000000006690                interrupt_set_priority
 .text.interrupt_global_enable
                0x00000000000066ba       0x32 ./zf_common/zf_common_interrupt.o
                0x00000000000066ba                interrupt_global_enable
 .text.interrupt_global_disable
                0x00000000000066ec       0x2c ./zf_common/zf_common_interrupt.o
                0x00000000000066ec                interrupt_global_disable
 .text.interrupt_init
                0x0000000000006718       0x18 ./zf_common/zf_common_interrupt.o
                0x0000000000006718                interrupt_init
 .text.USART1_IRQHandler
                0x0000000000006730       0x84 ./user_c/isr.o
                0x0000000000006730                USART1_IRQHandler
 .text.USART2_IRQHandler
                0x00000000000067b4       0x84 ./user_c/isr.o
                0x00000000000067b4                USART2_IRQHandler
 .text.USART3_IRQHandler
                0x0000000000006838       0x84 ./user_c/isr.o
                0x0000000000006838                USART3_IRQHandler
 .text.UART4_IRQHandler
                0x00000000000068bc       0x84 ./user_c/isr.o
                0x00000000000068bc                UART4_IRQHandler
 .text.UART5_IRQHandler
                0x0000000000006940       0x82 ./user_c/isr.o
                0x0000000000006940                UART5_IRQHandler
 .text.UART6_IRQHandler
                0x00000000000069c2       0x84 ./user_c/isr.o
                0x00000000000069c2                UART6_IRQHandler
 .text.UART7_IRQHandler
                0x0000000000006a46       0x8a ./user_c/isr.o
                0x0000000000006a46                UART7_IRQHandler
 .text.UART8_IRQHandler
                0x0000000000006ad0       0x7c ./user_c/isr.o
                0x0000000000006ad0                UART8_IRQHandler
 .text.DVP_IRQHandler
                0x0000000000006b4c       0x90 ./user_c/isr.o
                0x0000000000006b4c                DVP_IRQHandler
 .text.EXTI0_IRQHandler
                0x0000000000006bdc       0x74 ./user_c/isr.o
                0x0000000000006bdc                EXTI0_IRQHandler
 .text.EXTI1_IRQHandler
                0x0000000000006c50       0x74 ./user_c/isr.o
                0x0000000000006c50                EXTI1_IRQHandler
 .text.EXTI2_IRQHandler
                0x0000000000006cc4       0x74 ./user_c/isr.o
                0x0000000000006cc4                EXTI2_IRQHandler
 .text.EXTI3_IRQHandler
                0x0000000000006d38       0x74 ./user_c/isr.o
                0x0000000000006d38                EXTI3_IRQHandler
 .text.EXTI4_IRQHandler
                0x0000000000006dac       0x74 ./user_c/isr.o
                0x0000000000006dac                EXTI4_IRQHandler
 .text.EXTI9_5_IRQHandler
                0x0000000000006e20       0xd8 ./user_c/isr.o
                0x0000000000006e20                EXTI9_5_IRQHandler
 .text.EXTI15_10_IRQHandler
                0x0000000000006ef8       0xec ./user_c/isr.o
                0x0000000000006ef8                EXTI15_10_IRQHandler
 .text.TIM1_UP_IRQHandler
                0x0000000000006fe4       0x80 ./user_c/isr.o
                0x0000000000006fe4                TIM1_UP_IRQHandler
 .text.TIM2_IRQHandler
                0x0000000000007064       0x78 ./user_c/isr.o
                0x0000000000007064                TIM2_IRQHandler
 .text.TIM3_IRQHandler
                0x00000000000070dc      0x1a2 ./user_c/isr.o
                0x00000000000070dc                TIM3_IRQHandler
 .text.TIM4_IRQHandler
                0x000000000000727e       0x80 ./user_c/isr.o
                0x000000000000727e                TIM4_IRQHandler
 .text.TIM5_IRQHandler
                0x00000000000072fe       0x80 ./user_c/isr.o
                0x00000000000072fe                TIM5_IRQHandler
 .text.TIM6_IRQHandler
                0x000000000000737e      0x1c2 ./user_c/isr.o
                0x000000000000737e                TIM6_IRQHandler
 .text.TIM7_IRQHandler
                0x0000000000007540       0x80 ./user_c/isr.o
                0x0000000000007540                TIM7_IRQHandler
 .text.TIM8_UP_IRQHandler
                0x00000000000075c0       0x80 ./user_c/isr.o
                0x00000000000075c0                TIM8_UP_IRQHandler
 .text.TIM9_UP_IRQHandler
                0x0000000000007640       0x80 ./user_c/isr.o
                0x0000000000007640                TIM9_UP_IRQHandler
 .text.TIM10_UP_IRQHandler
                0x00000000000076c0       0x78 ./user_c/isr.o
                0x00000000000076c0                TIM10_UP_IRQHandler
 .text.NMI_Handler
                0x0000000000007738       0x10 ./user_c/isr.o
                0x0000000000007738                NMI_Handler
 .text.HardFault_Handler
                0x0000000000007748        0x8 ./user_c/isr.o
                0x0000000000007748                HardFault_Handler
 .text.main     0x0000000000007750      0x28e ./user_c/main.o
                0x0000000000007750                main
 .text.vector_handler
                0x00000000000079de       0xbe ./sdk/Startup/startup_ch32v30x_D8C.o
                0x00000000000079e2                Ecall_M_Mode_Handler
                0x00000000000079e4                Ecall_U_Mode_Handler
                0x00000000000079e6                Break_Point_Handler
                0x00000000000079e8                SysTick_Handler
                0x00000000000079ea                SW_Handler
                0x00000000000079ec                WWDG_IRQHandler
                0x00000000000079ee                PVD_IRQHandler
                0x00000000000079f0                TAMPER_IRQHandler
                0x00000000000079f2                RTC_IRQHandler
                0x00000000000079f4                FLASH_IRQHandler
                0x00000000000079f6                RCC_IRQHandler
                0x0000000000007a02                DMA1_Channel1_IRQHandler
                0x0000000000007a04                DMA1_Channel2_IRQHandler
                0x0000000000007a06                DMA1_Channel3_IRQHandler
                0x0000000000007a08                DMA1_Channel4_IRQHandler
                0x0000000000007a0a                DMA1_Channel5_IRQHandler
                0x0000000000007a0c                DMA1_Channel6_IRQHandler
                0x0000000000007a0e                DMA1_Channel7_IRQHandler
                0x0000000000007a10                ADC1_2_IRQHandler
                0x0000000000007a12                USB_HP_CAN1_TX_IRQHandler
                0x0000000000007a14                USB_LP_CAN1_RX0_IRQHandler
                0x0000000000007a16                CAN1_RX1_IRQHandler
                0x0000000000007a18                CAN1_SCE_IRQHandler
                0x0000000000007a1c                TIM1_BRK_IRQHandler
                0x0000000000007a20                TIM1_TRG_COM_IRQHandler
                0x0000000000007a22                TIM1_CC_IRQHandler
                0x0000000000007a2a                I2C1_EV_IRQHandler
                0x0000000000007a2c                I2C1_ER_IRQHandler
                0x0000000000007a2e                I2C2_EV_IRQHandler
                0x0000000000007a30                I2C2_ER_IRQHandler
                0x0000000000007a32                SPI1_IRQHandler
                0x0000000000007a34                SPI2_IRQHandler
                0x0000000000007a3e                RTCAlarm_IRQHandler
                0x0000000000007a40                USBWakeUp_IRQHandler
                0x0000000000007a42                TIM8_BRK_IRQHandler
                0x0000000000007a46                TIM8_TRG_COM_IRQHandler
                0x0000000000007a48                TIM8_CC_IRQHandler
                0x0000000000007a4a                RNG_IRQHandler
                0x0000000000007a4c                FSMC_IRQHandler
                0x0000000000007a4e                SDIO_IRQHandler
                0x0000000000007a52                SPI3_IRQHandler
                0x0000000000007a5c                DMA2_Channel1_IRQHandler
                0x0000000000007a5e                DMA2_Channel2_IRQHandler
                0x0000000000007a60                DMA2_Channel3_IRQHandler
                0x0000000000007a62                DMA2_Channel4_IRQHandler
                0x0000000000007a64                DMA2_Channel5_IRQHandler
                0x0000000000007a66                ETH_IRQHandler
                0x0000000000007a68                ETH_WKUP_IRQHandler
                0x0000000000007a6a                CAN2_TX_IRQHandler
                0x0000000000007a6c                CAN2_RX0_IRQHandler
                0x0000000000007a6e                CAN2_RX1_IRQHandler
                0x0000000000007a70                CAN2_SCE_IRQHandler
                0x0000000000007a74                USBHSWakeup_IRQHandler
                0x0000000000007a76                USBHS_IRQHandler
                0x0000000000007a80                TIM9_BRK_IRQHandler
                0x0000000000007a84                TIM9_TRG_COM_IRQHandler
                0x0000000000007a86                TIM9_CC_IRQHandler
                0x0000000000007a88                TIM10_BRK_IRQHandler
                0x0000000000007a8c                TIM10_TRG_COM_IRQHandler
                0x0000000000007a8e                TIM10_CC_IRQHandler
                0x0000000000007a90                DMA2_Channel6_IRQHandler
                0x0000000000007a92                DMA2_Channel7_IRQHandler
                0x0000000000007a94                DMA2_Channel8_IRQHandler
                0x0000000000007a96                DMA2_Channel9_IRQHandler
                0x0000000000007a98                DMA2_Channel10_IRQHandler
                0x0000000000007a9a                DMA2_Channel11_IRQHandler
 .text.handle_reset
                0x0000000000007a9c       0x8a ./sdk/Startup/startup_ch32v30x_D8C.o
                0x0000000000007a9c                handle_reset
 .text.ADC_DeInit
                0x0000000000007b26       0x60 ./sdk/Peripheral/ch32v30x_adc.o
                0x0000000000007b26                ADC_DeInit
 .text.ADC_Init
                0x0000000000007b86      0x102 ./sdk/Peripheral/ch32v30x_adc.o
                0x0000000000007b86                ADC_Init
 .text.ADC_Cmd  0x0000000000007c88       0x3e ./sdk/Peripheral/ch32v30x_adc.o
                0x0000000000007c88                ADC_Cmd
 .text.ADC_ResetCalibration
                0x0000000000007cc6       0x22 ./sdk/Peripheral/ch32v30x_adc.o
                0x0000000000007cc6                ADC_ResetCalibration
 .text.ADC_GetResetCalibrationStatus
                0x0000000000007ce8       0x30 ./sdk/Peripheral/ch32v30x_adc.o
                0x0000000000007ce8                ADC_GetResetCalibrationStatus
 .text.ADC_StartCalibration
                0x0000000000007d18       0x22 ./sdk/Peripheral/ch32v30x_adc.o
                0x0000000000007d18                ADC_StartCalibration
 .text.ADC_GetCalibrationStatus
                0x0000000000007d3a       0x30 ./sdk/Peripheral/ch32v30x_adc.o
                0x0000000000007d3a                ADC_GetCalibrationStatus
 .text.ADC_SoftwareStartConvCmd
                0x0000000000007d6a       0x44 ./sdk/Peripheral/ch32v30x_adc.o
                0x0000000000007d6a                ADC_SoftwareStartConvCmd
 .text.ADC_RegularChannelConfig
                0x0000000000007dae      0x248 ./sdk/Peripheral/ch32v30x_adc.o
                0x0000000000007dae                ADC_RegularChannelConfig
 .text.ADC_GetFlagStatus
                0x0000000000007ff6       0x3a ./sdk/Peripheral/ch32v30x_adc.o
                0x0000000000007ff6                ADC_GetFlagStatus
 .text.ADC_BufferCmd
                0x0000000000008030       0x44 ./sdk/Peripheral/ch32v30x_adc.o
                0x0000000000008030                ADC_BufferCmd
 .text.EXTI_Init
                0x0000000000008074      0x170 ./sdk/Peripheral/ch32v30x_exti.o
                0x0000000000008074                EXTI_Init
 .text.EXTI_GetITStatus
                0x00000000000081e4       0x56 ./sdk/Peripheral/ch32v30x_exti.o
                0x00000000000081e4                EXTI_GetITStatus
 .text.EXTI_ClearITPendingBit
                0x000000000000823a       0x20 ./sdk/Peripheral/ch32v30x_exti.o
                0x000000000000823a                EXTI_ClearITPendingBit
 .text.GPIO_Init
                0x000000000000825a      0x22a ./sdk/Peripheral/ch32v30x_gpio.o
                0x000000000000825a                GPIO_Init
 .text.GPIO_WriteBit
                0x0000000000008484       0x38 ./sdk/Peripheral/ch32v30x_gpio.o
                0x0000000000008484                GPIO_WriteBit
 .text.GPIO_PinRemapConfig
                0x00000000000084bc      0x1c8 ./sdk/Peripheral/ch32v30x_gpio.o
                0x00000000000084bc                GPIO_PinRemapConfig
 .text.GPIO_EXTILineConfig
                0x0000000000008684       0xa2 ./sdk/Peripheral/ch32v30x_gpio.o
                0x0000000000008684                GPIO_EXTILineConfig
 .text.RCC_ADCCLKConfig
                0x0000000000008726       0x46 ./sdk/Peripheral/ch32v30x_rcc.o
                0x0000000000008726                RCC_ADCCLKConfig
 .text.RCC_GetClocksFreq
                0x000000000000876c      0x2c6 ./sdk/Peripheral/ch32v30x_rcc.o
                0x000000000000876c                RCC_GetClocksFreq
 .text.RCC_AHBPeriphClockCmd
                0x0000000000008a32       0x46 ./sdk/Peripheral/ch32v30x_rcc.o
                0x0000000000008a32                RCC_AHBPeriphClockCmd
 .text.RCC_APB2PeriphClockCmd
                0x0000000000008a78       0x46 ./sdk/Peripheral/ch32v30x_rcc.o
                0x0000000000008a78                RCC_APB2PeriphClockCmd
 .text.RCC_APB1PeriphClockCmd
                0x0000000000008abe       0x46 ./sdk/Peripheral/ch32v30x_rcc.o
                0x0000000000008abe                RCC_APB1PeriphClockCmd
 .text.RCC_APB2PeriphResetCmd
                0x0000000000008b04       0x46 ./sdk/Peripheral/ch32v30x_rcc.o
                0x0000000000008b04                RCC_APB2PeriphResetCmd
 .text.RCC_APB1PeriphResetCmd
                0x0000000000008b4a       0x46 ./sdk/Peripheral/ch32v30x_rcc.o
                0x0000000000008b4a                RCC_APB1PeriphResetCmd
 .text.SPI_I2S_DeInit
                0x0000000000008b90       0x76 ./sdk/Peripheral/ch32v30x_spi.o
                0x0000000000008b90                SPI_I2S_DeInit
 .text.SPI_Init
                0x0000000000008c06       0xf8 ./sdk/Peripheral/ch32v30x_spi.o
                0x0000000000008c06                SPI_Init
 .text.SPI_Cmd  0x0000000000008cfe       0x5a ./sdk/Peripheral/ch32v30x_spi.o
                0x0000000000008cfe                SPI_Cmd
 .text.TIM_TimeBaseInit
                0x0000000000008d58      0x17e ./sdk/Peripheral/ch32v30x_tim.o
                0x0000000000008d58                TIM_TimeBaseInit
 .text.TIM_OC1Init
                0x0000000000008ed6      0x19c ./sdk/Peripheral/ch32v30x_tim.o
                0x0000000000008ed6                TIM_OC1Init
 .text.TIM_OC2Init
                0x0000000000009072      0x1e2 ./sdk/Peripheral/ch32v30x_tim.o
                0x0000000000009072                TIM_OC2Init
 .text.TIM_OC3Init
                0x0000000000009254      0x1dc ./sdk/Peripheral/ch32v30x_tim.o
                0x0000000000009254                TIM_OC3Init
 .text.TIM_OC4Init
                0x0000000000009430      0x176 ./sdk/Peripheral/ch32v30x_tim.o
                0x0000000000009430                TIM_OC4Init
 .text.TIM_TimeBaseStructInit
                0x00000000000095a6       0x3c ./sdk/Peripheral/ch32v30x_tim.o
                0x00000000000095a6                TIM_TimeBaseStructInit
 .text.TIM_Cmd  0x00000000000095e2       0x58 ./sdk/Peripheral/ch32v30x_tim.o
                0x00000000000095e2                TIM_Cmd
 .text.TIM_CtrlPWMOutputs
                0x000000000000963a       0x60 ./sdk/Peripheral/ch32v30x_tim.o
                0x000000000000963a                TIM_CtrlPWMOutputs
 .text.TIM_ITConfig
                0x000000000000969a       0x70 ./sdk/Peripheral/ch32v30x_tim.o
                0x000000000000969a                TIM_ITConfig
 .text.TIM_ITRxExternalClockConfig
                0x000000000000970a       0x46 ./sdk/Peripheral/ch32v30x_tim.o
                0x000000000000970a                TIM_ITRxExternalClockConfig
 .text.TIM_SelectInputTrigger
                0x0000000000009750       0x4e ./sdk/Peripheral/ch32v30x_tim.o
                0x0000000000009750                TIM_SelectInputTrigger
 .text.TIM_OC1PreloadConfig
                0x000000000000979e       0x4c ./sdk/Peripheral/ch32v30x_tim.o
                0x000000000000979e                TIM_OC1PreloadConfig
 .text.TIM_OC2PreloadConfig
                0x00000000000097ea       0x5a ./sdk/Peripheral/ch32v30x_tim.o
                0x00000000000097ea                TIM_OC2PreloadConfig
 .text.TIM_OC3PreloadConfig
                0x0000000000009844       0x4c ./sdk/Peripheral/ch32v30x_tim.o
                0x0000000000009844                TIM_OC3PreloadConfig
 .text.TIM_OC4PreloadConfig
                0x0000000000009890       0x5a ./sdk/Peripheral/ch32v30x_tim.o
                0x0000000000009890                TIM_OC4PreloadConfig
 .text.TIM_OC1FastConfig
                0x00000000000098ea       0x4c ./sdk/Peripheral/ch32v30x_tim.o
                0x00000000000098ea                TIM_OC1FastConfig
 .text.TIM_OC2FastConfig
                0x0000000000009936       0x56 ./sdk/Peripheral/ch32v30x_tim.o
                0x0000000000009936                TIM_OC2FastConfig
 .text.TIM_OC3FastConfig
                0x000000000000998c       0x4c ./sdk/Peripheral/ch32v30x_tim.o
                0x000000000000998c                TIM_OC3FastConfig
 .text.TIM_OC4FastConfig
                0x00000000000099d8       0x56 ./sdk/Peripheral/ch32v30x_tim.o
                0x00000000000099d8                TIM_OC4FastConfig
 .text.TIM_GetITStatus
                0x0000000000009a2e       0x70 ./sdk/Peripheral/ch32v30x_tim.o
                0x0000000000009a2e                TIM_GetITStatus
 .text.TIM_ClearITPendingBit
                0x0000000000009a9e       0x2e ./sdk/Peripheral/ch32v30x_tim.o
                0x0000000000009a9e                TIM_ClearITPendingBit
 .text.USART_Init
                0x0000000000009acc      0x234 ./sdk/Peripheral/ch32v30x_usart.o
                0x0000000000009acc                USART_Init
 .text.USART_Cmd
                0x0000000000009d00       0x60 ./sdk/Peripheral/ch32v30x_usart.o
                0x0000000000009d00                USART_Cmd
 .text.USART_ITConfig
                0x0000000000009d60       0xc4 ./sdk/Peripheral/ch32v30x_usart.o
                0x0000000000009d60                USART_ITConfig
 .text.USART_SendData
                0x0000000000009e24       0x2e ./sdk/Peripheral/ch32v30x_usart.o
                0x0000000000009e24                USART_SendData
 .text.USART_GetFlagStatus
                0x0000000000009e52       0x46 ./sdk/Peripheral/ch32v30x_usart.o
                0x0000000000009e52                USART_GetFlagStatus
 .text.USART_GetITStatus
                0x0000000000009e98      0x102 ./sdk/Peripheral/ch32v30x_usart.o
                0x0000000000009e98                USART_GetITStatus
 .text.USART_ClearITPendingBit
                0x0000000000009f9a       0x4e ./sdk/Peripheral/ch32v30x_usart.o
                0x0000000000009f9a                USART_ClearITPendingBit
 .text.DevEP1_IN_Deal
                0x0000000000009fe8       0x3e ./sdk/Peripheral/ch32v30x_usbotg_device.o
                0x0000000000009fe8                DevEP1_IN_Deal
 .text.DevEP2_IN_Deal
                0x000000000000a026       0x3e ./sdk/Peripheral/ch32v30x_usbotg_device.o
                0x000000000000a026                DevEP2_IN_Deal
 .text.DevEP1_OUT_Deal
                0x000000000000a064       0x66 ./sdk/Peripheral/ch32v30x_usbotg_device.o
                0x000000000000a064                DevEP1_OUT_Deal
 .text.DevEP2_OUT_Deal
                0x000000000000a0ca       0x66 ./sdk/Peripheral/ch32v30x_usbotg_device.o
                0x000000000000a0ca                DevEP2_OUT_Deal
 .text.OTG_FS_IRQHandler
                0x000000000000a130      0xcd6 ./sdk/Peripheral/ch32v30x_usbotg_device.o
                0x000000000000a130                OTG_FS_IRQHandler
 .text.Adc_init
                0x000000000000ae06       0x58 ./code/ADC.o
                0x000000000000ae06                Adc_init
 .text.Adinductance_getval
                0x000000000000ae5e       0xa2 ./code/ADC.o
                0x000000000000ae5e                Adinductance_getval
 .text.Adaverage
                0x000000000000af00      0x19c ./code/ADC.o
                0x000000000000af00                Adaverage
 .text.read_AD  0x000000000000b09c      0x5e4 ./code/ADC.o
                0x000000000000b09c                read_AD
 .text.left_motor_pid
                0x000000000000b680       0xe0 ./code/PID.o
                0x000000000000b680                left_motor_pid
 .text.right_motor_pid
                0x000000000000b760       0xe0 ./code/PID.o
                0x000000000000b760                right_motor_pid
 .text.abs1     0x000000000000b840       0x30 ./code/PID.o
                0x000000000000b840                abs1
 .text.loc_pid_calculate
                0x000000000000b870      0x18c ./code/PID.o
                0x000000000000b870                loc_pid_calculate
 .text.loc_pid_init
                0x000000000000b9fc       0x58 ./code/PID.o
                0x000000000000b9fc                loc_pid_init
 .text.send_data1
                0x000000000000ba54       0x84 ./code/bluetooth.o
                0x000000000000ba54                send_data1
 .text.receive_data1
                0x000000000000bad8      0x47c ./code/bluetooth.o
                0x000000000000bad8                receive_data1
 .text.receive_data2
                0x000000000000bf54       0x68 ./code/bluetooth.o
                0x000000000000bf54                receive_data2
 .text.communicate
                0x000000000000bfbc       0x3a ./code/bluetooth.o
                0x000000000000bfbc                communicate
 .text.seek_light_error
                0x000000000000bff6      0x20a ./code/camera.o
                0x000000000000bff6                seek_light_error
 .text.erzhihua
                0x000000000000c200       0xb4 ./code/camera.o
                0x000000000000c200                erzhihua
 .text.my_abs   0x000000000000c2b4       0x28 ./code/camera.o
                0x000000000000c2b4                my_abs
 .text.Speed_Get
                0x000000000000c2dc       0xf8 ./code/control.o
                0x000000000000c2dc                Speed_Get
 .text.main_control
                0x000000000000c3d4       0x48 ./code/control.o
                0x000000000000c3d4                main_control
 .text.ruku_control
                0x000000000000c41c       0x64 ./code/control.o
                0x000000000000c41c                ruku_control
 .text.car_distance_control
                0x000000000000c480       0x42 ./code/control.o
                0x000000000000c480                car_distance_control
 .text.zhongxian_xunji
                0x000000000000c4c2      0x132 ./code/control.o
                0x000000000000c4c2                zhongxian_xunji
 .text.adc_servo_Control
                0x000000000000c5f4       0xfe ./code/control.o
                0x000000000000c5f4                adc_servo_Control
 .text.motor_control
                0x000000000000c6f2      0x26a ./code/control.o
                0x000000000000c6f2                motor_control
 .text.key_scan1
                0x000000000000c95c       0x44 ./code/key.o
                0x000000000000c95c                key_scan1
 .text.key_scan2
                0x000000000000c9a0       0xf8 ./code/key.o
                0x000000000000c9a0                key_scan2
 .text.key_scan3
                0x000000000000ca98     0x11a0 ./code/key.o
                0x000000000000ca98                key_scan3
 .text.lcd_show
                0x000000000000dc38      0x47e ./code/key.o
                0x000000000000dc38                lcd_show
 .text.get_cardistance
                0x000000000000e0b6      0x164 ./code/split.o
                0x000000000000e0b6                get_cardistance
 .text.gyroOffsetInit
                0x000000000000e21a       0xa8 ./code/tuoluoyi.o
                0x000000000000e21a                gyroOffsetInit
 .text.mt9v03x_write_word_sccb
                0x000000000000e2c2       0x34 D:\MounRiver\youqu\E08_06_dm1ra_demo\libraries\zf_device\libzf_device_config.a(zf_device_config.o)
 .text.mt9v03x_set_config_sccb
                0x000000000000e2f6      0x614 D:\MounRiver\youqu\E08_06_dm1ra_demo\libraries\zf_device\libzf_device_config.a(zf_device_config.o)
                0x000000000000e2f6                mt9v03x_set_config_sccb
 .text.__adddf3
                0x000000000000e90a      0xa0e d:/mounriver/mounriver_studio/toolchain/risc-v embedded gcc/bin/../lib/gcc/riscv-none-embed/8.2.0/rv32imafc/ilp32f\libgcc.a(adddf3.o)
                0x000000000000e90a                __adddf3
 .text.__divdf3
                0x000000000000f318      0x7ea d:/mounriver/mounriver_studio/toolchain/risc-v embedded gcc/bin/../lib/gcc/riscv-none-embed/8.2.0/rv32imafc/ilp32f\libgcc.a(divdf3.o)
                0x000000000000f318                __divdf3
 .text.__eqdf2  0x000000000000fb02       0x98 d:/mounriver/mounriver_studio/toolchain/risc-v embedded gcc/bin/../lib/gcc/riscv-none-embed/8.2.0/rv32imafc/ilp32f\libgcc.a(eqdf2.o)
                0x000000000000fb02                __nedf2
                0x000000000000fb02                __eqdf2
 .text.__gedf2  0x000000000000fb9a       0xb6 d:/mounriver/mounriver_studio/toolchain/risc-v embedded gcc/bin/../lib/gcc/riscv-none-embed/8.2.0/rv32imafc/ilp32f\libgcc.a(gedf2.o)
                0x000000000000fb9a                __gedf2
                0x000000000000fb9a                __gtdf2
 .text.__ledf2  0x000000000000fc50       0xb6 d:/mounriver/mounriver_studio/toolchain/risc-v embedded gcc/bin/../lib/gcc/riscv-none-embed/8.2.0/rv32imafc/ilp32f\libgcc.a(ledf2.o)
                0x000000000000fc50                __ledf2
                0x000000000000fc50                __ltdf2
 .text.__muldf3
                0x000000000000fd06      0x656 d:/mounriver/mounriver_studio/toolchain/risc-v embedded gcc/bin/../lib/gcc/riscv-none-embed/8.2.0/rv32imafc/ilp32f\libgcc.a(muldf3.o)
                0x000000000000fd06                __muldf3
 .text.__subdf3
                0x000000000001035c      0xa8c d:/mounriver/mounriver_studio/toolchain/risc-v embedded gcc/bin/../lib/gcc/riscv-none-embed/8.2.0/rv32imafc/ilp32f\libgcc.a(subdf3.o)
                0x000000000001035c                __subdf3
 .text.__unorddf2
                0x0000000000010de8       0x7c d:/mounriver/mounriver_studio/toolchain/risc-v embedded gcc/bin/../lib/gcc/riscv-none-embed/8.2.0/rv32imafc/ilp32f\libgcc.a(unorddf2.o)
                0x0000000000010de8                __unorddf2
 .text.__fixdfsi
                0x0000000000010e64       0xd8 d:/mounriver/mounriver_studio/toolchain/risc-v embedded gcc/bin/../lib/gcc/riscv-none-embed/8.2.0/rv32imafc/ilp32f\libgcc.a(fixdfsi.o)
                0x0000000000010e64                __fixdfsi
 .text.__fixunsdfsi
                0x0000000000010f3c       0x9e d:/mounriver/mounriver_studio/toolchain/risc-v embedded gcc/bin/../lib/gcc/riscv-none-embed/8.2.0/rv32imafc/ilp32f\libgcc.a(fixunsdfsi.o)
                0x0000000000010f3c                __fixunsdfsi
 .text.__floatsidf
                0x0000000000010fda       0x70 d:/mounriver/mounriver_studio/toolchain/risc-v embedded gcc/bin/../lib/gcc/riscv-none-embed/8.2.0/rv32imafc/ilp32f\libgcc.a(floatsidf.o)
                0x0000000000010fda                __floatsidf
 .text.__floatunsidf
                0x000000000001104a       0x66 d:/mounriver/mounriver_studio/toolchain/risc-v embedded gcc/bin/../lib/gcc/riscv-none-embed/8.2.0/rv32imafc/ilp32f\libgcc.a(floatunsidf.o)
                0x000000000001104a                __floatunsidf
 .text.__extendsfdf2
                0x00000000000110b0       0xe8 d:/mounriver/mounriver_studio/toolchain/risc-v embedded gcc/bin/../lib/gcc/riscv-none-embed/8.2.0/rv32imafc/ilp32f\libgcc.a(extendsfdf2.o)
                0x00000000000110b0                __extendsfdf2
 .text.__truncdfsf2
                0x0000000000011198      0x31e d:/mounriver/mounriver_studio/toolchain/risc-v embedded gcc/bin/../lib/gcc/riscv-none-embed/8.2.0/rv32imafc/ilp32f\libgcc.a(truncdfsf2.o)
                0x0000000000011198                __truncdfsf2
 .text.__clzsi2
                0x00000000000114b6       0x76 d:/mounriver/mounriver_studio/toolchain/risc-v embedded gcc/bin/../lib/gcc/riscv-none-embed/8.2.0/rv32imafc/ilp32f\libgcc.a(_clzsi2.o)
                0x00000000000114b6                __clzsi2
 .text.memcpy   0x000000000001152c       0xb6 d:/mounriver/mounriver_studio/toolchain/risc-v embedded gcc/bin/../lib/gcc/riscv-none-embed/8.2.0/../../../../riscv-none-embed/lib/rv32imafc/ilp32f\libg_nano.a(lib_a-memcpy.o)
                0x000000000001152c                memcpy
 .text.__cvt    0x00000000000115e2       0xee d:/mounriver/mounriver_studio/toolchain/risc-v embedded gcc/bin/../lib/gcc/riscv-none-embed/8.2.0/../../../../riscv-none-embed/lib/rv32imafc/ilp32f\libg_nano.a(lib_a-nano-vfprintf_float.o)
                0x00000000000115e2                __cvt
 .text.__exponent
                0x00000000000116d0       0x8c d:/mounriver/mounriver_studio/toolchain/risc-v embedded gcc/bin/../lib/gcc/riscv-none-embed/8.2.0/../../../../riscv-none-embed/lib/rv32imafc/ilp32f\libg_nano.a(lib_a-nano-vfprintf_float.o)
                0x00000000000116d0                __exponent
 .text._printf_float
                0x000000000001175c      0x4c4 d:/mounriver/mounriver_studio/toolchain/risc-v embedded gcc/bin/../lib/gcc/riscv-none-embed/8.2.0/../../../../riscv-none-embed/lib/rv32imafc/ilp32f\libg_nano.a(lib_a-nano-vfprintf_float.o)
                0x000000000001175c                _printf_float
 .text._printf_common
                0x0000000000011c20      0x10c d:/mounriver/mounriver_studio/toolchain/risc-v embedded gcc/bin/../lib/gcc/riscv-none-embed/8.2.0/../../../../riscv-none-embed/lib/rv32imafc/ilp32f\libg_nano.a(lib_a-nano-vfprintf_i.o)
                0x0000000000011c20                _printf_common
 .text._printf_i
                0x0000000000011d2c      0x2ac d:/mounriver/mounriver_studio/toolchain/risc-v embedded gcc/bin/../lib/gcc/riscv-none-embed/8.2.0/../../../../riscv-none-embed/lib/rv32imafc/ilp32f\libg_nano.a(lib_a-nano-vfprintf_i.o)
                0x0000000000011d2c                _printf_i
 .text.printf   0x0000000000011fd8       0x42 d:/mounriver/mounriver_studio/toolchain/risc-v embedded gcc/bin/../lib/gcc/riscv-none-embed/8.2.0/../../../../riscv-none-embed/lib/rv32imafc/ilp32f\libg_nano.a(lib_a-printf.o)
                0x0000000000011fd8                iprintf
                0x0000000000011fd8                printf
 .text.sprintf  0x000000000001201a       0x46 d:/mounriver/mounriver_studio/toolchain/risc-v embedded gcc/bin/../lib/gcc/riscv-none-embed/8.2.0/../../../../riscv-none-embed/lib/rv32imafc/ilp32f\libg_nano.a(lib_a-sprintf.o)
                0x000000000001201a                siprintf
                0x000000000001201a                sprintf
 .text.strlen   0x0000000000012060       0x12 d:/mounriver/mounriver_studio/toolchain/risc-v embedded gcc/bin/../lib/gcc/riscv-none-embed/8.2.0/../../../../riscv-none-embed/lib/rv32imafc/ilp32f\libg_nano.a(lib_a-strlen.o)
                0x0000000000012060                strlen
 .text.quorem   0x0000000000012072      0x13a d:/mounriver/mounriver_studio/toolchain/risc-v embedded gcc/bin/../lib/gcc/riscv-none-embed/8.2.0/../../../../riscv-none-embed/lib/rv32imafc/ilp32f\libg_nano.a(lib_a-dtoa.o)
 .text._dtoa_r  0x00000000000121ac      0xbea d:/mounriver/mounriver_studio/toolchain/risc-v embedded gcc/bin/../lib/gcc/riscv-none-embed/8.2.0/../../../../riscv-none-embed/lib/rv32imafc/ilp32f\libg_nano.a(lib_a-dtoa.o)
                0x00000000000121ac                _dtoa_r
 .text.std      0x0000000000012d96       0x6a d:/mounriver/mounriver_studio/toolchain/risc-v embedded gcc/bin/../lib/gcc/riscv-none-embed/8.2.0/../../../../riscv-none-embed/lib/rv32imafc/ilp32f\libg_nano.a(lib_a-findfp.o)
 .text._cleanup_r
                0x0000000000012e00        0xa d:/mounriver/mounriver_studio/toolchain/risc-v embedded gcc/bin/../lib/gcc/riscv-none-embed/8.2.0/../../../../riscv-none-embed/lib/rv32imafc/ilp32f\libg_nano.a(lib_a-findfp.o)
                0x0000000000012e00                _cleanup_r
 .text.__sfmoreglue
                0x0000000000012e0a       0x48 d:/mounriver/mounriver_studio/toolchain/risc-v embedded gcc/bin/../lib/gcc/riscv-none-embed/8.2.0/../../../../riscv-none-embed/lib/rv32imafc/ilp32f\libg_nano.a(lib_a-findfp.o)
                0x0000000000012e0a                __sfmoreglue
 .text.__sinit  0x0000000000012e52       0x6c d:/mounriver/mounriver_studio/toolchain/risc-v embedded gcc/bin/../lib/gcc/riscv-none-embed/8.2.0/../../../../riscv-none-embed/lib/rv32imafc/ilp32f\libg_nano.a(lib_a-findfp.o)
                0x0000000000012e52                __sinit
 .text.__sfp    0x0000000000012ebe       0xa0 d:/mounriver/mounriver_studio/toolchain/risc-v embedded gcc/bin/../lib/gcc/riscv-none-embed/8.2.0/../../../../riscv-none-embed/lib/rv32imafc/ilp32f\libg_nano.a(lib_a-findfp.o)
                0x0000000000012ebe                __sfp
 .text._fwalk_reent
                0x0000000000012f5e       0x6c d:/mounriver/mounriver_studio/toolchain/risc-v embedded gcc/bin/../lib/gcc/riscv-none-embed/8.2.0/../../../../riscv-none-embed/lib/rv32imafc/ilp32f\libg_nano.a(lib_a-fwalk.o)
                0x0000000000012f5e                _fwalk_reent
 .text._localeconv_r
                0x0000000000012fca       0x18 d:/mounriver/mounriver_studio/toolchain/risc-v embedded gcc/bin/../lib/gcc/riscv-none-embed/8.2.0/../../../../riscv-none-embed/lib/rv32imafc/ilp32f\libg_nano.a(lib_a-localeconv.o)
                0x0000000000012fca                _localeconv_r
 .text.malloc   0x0000000000012fe2        0xc d:/mounriver/mounriver_studio/toolchain/risc-v embedded gcc/bin/../lib/gcc/riscv-none-embed/8.2.0/../../../../riscv-none-embed/lib/rv32imafc/ilp32f\libg_nano.a(lib_a-malloc.o)
                0x0000000000012fe2                malloc
 .text.memchr   0x0000000000012fee       0x1a d:/mounriver/mounriver_studio/toolchain/risc-v embedded gcc/bin/../lib/gcc/riscv-none-embed/8.2.0/../../../../riscv-none-embed/lib/rv32imafc/ilp32f\libg_nano.a(lib_a-memchr.o)
                0x0000000000012fee                memchr
 .text._Balloc  0x0000000000013008       0x88 d:/mounriver/mounriver_studio/toolchain/risc-v embedded gcc/bin/../lib/gcc/riscv-none-embed/8.2.0/../../../../riscv-none-embed/lib/rv32imafc/ilp32f\libg_nano.a(lib_a-mprec.o)
                0x0000000000013008                _Balloc
 .text._Bfree   0x0000000000013090       0x44 d:/mounriver/mounriver_studio/toolchain/risc-v embedded gcc/bin/../lib/gcc/riscv-none-embed/8.2.0/../../../../riscv-none-embed/lib/rv32imafc/ilp32f\libg_nano.a(lib_a-mprec.o)
                0x0000000000013090                _Bfree
 .text.__multadd
                0x00000000000130d4       0x98 d:/mounriver/mounriver_studio/toolchain/risc-v embedded gcc/bin/../lib/gcc/riscv-none-embed/8.2.0/../../../../riscv-none-embed/lib/rv32imafc/ilp32f\libg_nano.a(lib_a-mprec.o)
                0x00000000000130d4                __multadd
 .text.__hi0bits
                0x000000000001316c       0x46 d:/mounriver/mounriver_studio/toolchain/risc-v embedded gcc/bin/../lib/gcc/riscv-none-embed/8.2.0/../../../../riscv-none-embed/lib/rv32imafc/ilp32f\libg_nano.a(lib_a-mprec.o)
                0x000000000001316c                __hi0bits
 .text.__lo0bits
                0x00000000000131b2       0x6a d:/mounriver/mounriver_studio/toolchain/risc-v embedded gcc/bin/../lib/gcc/riscv-none-embed/8.2.0/../../../../riscv-none-embed/lib/rv32imafc/ilp32f\libg_nano.a(lib_a-mprec.o)
                0x00000000000131b2                __lo0bits
 .text.__i2b    0x000000000001321c       0x1c d:/mounriver/mounriver_studio/toolchain/risc-v embedded gcc/bin/../lib/gcc/riscv-none-embed/8.2.0/../../../../riscv-none-embed/lib/rv32imafc/ilp32f\libg_nano.a(lib_a-mprec.o)
                0x000000000001321c                __i2b
 .text.__multiply
                0x0000000000013238      0x144 d:/mounriver/mounriver_studio/toolchain/risc-v embedded gcc/bin/../lib/gcc/riscv-none-embed/8.2.0/../../../../riscv-none-embed/lib/rv32imafc/ilp32f\libg_nano.a(lib_a-mprec.o)
                0x0000000000013238                __multiply
 .text.__pow5mult
                0x000000000001337c       0xbe d:/mounriver/mounriver_studio/toolchain/risc-v embedded gcc/bin/../lib/gcc/riscv-none-embed/8.2.0/../../../../riscv-none-embed/lib/rv32imafc/ilp32f\libg_nano.a(lib_a-mprec.o)
                0x000000000001337c                __pow5mult
 .text.__lshift
                0x000000000001343a       0xce d:/mounriver/mounriver_studio/toolchain/risc-v embedded gcc/bin/../lib/gcc/riscv-none-embed/8.2.0/../../../../riscv-none-embed/lib/rv32imafc/ilp32f\libg_nano.a(lib_a-mprec.o)
                0x000000000001343a                __lshift
 .text.__mcmp   0x0000000000013508       0x32 d:/mounriver/mounriver_studio/toolchain/risc-v embedded gcc/bin/../lib/gcc/riscv-none-embed/8.2.0/../../../../riscv-none-embed/lib/rv32imafc/ilp32f\libg_nano.a(lib_a-mprec.o)
                0x0000000000013508                __mcmp
 .text.__mdiff  0x000000000001353a       0xf2 d:/mounriver/mounriver_studio/toolchain/risc-v embedded gcc/bin/../lib/gcc/riscv-none-embed/8.2.0/../../../../riscv-none-embed/lib/rv32imafc/ilp32f\libg_nano.a(lib_a-mprec.o)
                0x000000000001353a                __mdiff
 .text.__d2b    0x000000000001362c       0xd4 d:/mounriver/mounriver_studio/toolchain/risc-v embedded gcc/bin/../lib/gcc/riscv-none-embed/8.2.0/../../../../riscv-none-embed/lib/rv32imafc/ilp32f\libg_nano.a(lib_a-mprec.o)
                0x000000000001362c                __d2b
 .text._calloc_r
                0x0000000000013700       0x26 d:/mounriver/mounriver_studio/toolchain/risc-v embedded gcc/bin/../lib/gcc/riscv-none-embed/8.2.0/../../../../riscv-none-embed/lib/rv32imafc/ilp32f\libg_nano.a(lib_a-nano-callocr.o)
                0x0000000000013700                _calloc_r
 .text._free_r  0x0000000000013726       0xa8 d:/mounriver/mounriver_studio/toolchain/risc-v embedded gcc/bin/../lib/gcc/riscv-none-embed/8.2.0/../../../../riscv-none-embed/lib/rv32imafc/ilp32f\libg_nano.a(lib_a-nano-freer.o)
                0x0000000000013726                _free_r
 .text._malloc_r
                0x00000000000137ce       0xd4 d:/mounriver/mounriver_studio/toolchain/risc-v embedded gcc/bin/../lib/gcc/riscv-none-embed/8.2.0/../../../../riscv-none-embed/lib/rv32imafc/ilp32f\libg_nano.a(lib_a-nano-mallocr.o)
                0x00000000000137ce                _malloc_r
 .text.__ssputs_r
                0x00000000000138a2       0xee d:/mounriver/mounriver_studio/toolchain/risc-v embedded gcc/bin/../lib/gcc/riscv-none-embed/8.2.0/../../../../riscv-none-embed/lib/rv32imafc/ilp32f\libg_nano.a(lib_a-nano-svfprintf.o)
                0x00000000000138a2                __ssputs_r
 .text._svfprintf_r
                0x0000000000013990      0x27e d:/mounriver/mounriver_studio/toolchain/risc-v embedded gcc/bin/../lib/gcc/riscv-none-embed/8.2.0/../../../../riscv-none-embed/lib/rv32imafc/ilp32f\libg_nano.a(lib_a-nano-svfprintf.o)
                0x0000000000013990                _svfiprintf_r
                0x0000000000013990                _svfprintf_r
 .text.__sfputc_r
                0x0000000000013c0e       0x28 d:/mounriver/mounriver_studio/toolchain/risc-v embedded gcc/bin/../lib/gcc/riscv-none-embed/8.2.0/../../../../riscv-none-embed/lib/rv32imafc/ilp32f\libg_nano.a(lib_a-nano-vfprintf.o)
 .text.__sfputs_r
                0x0000000000013c36       0x44 d:/mounriver/mounriver_studio/toolchain/risc-v embedded gcc/bin/../lib/gcc/riscv-none-embed/8.2.0/../../../../riscv-none-embed/lib/rv32imafc/ilp32f\libg_nano.a(lib_a-nano-vfprintf.o)
                0x0000000000013c36                __sfputs_r
 .text._vfprintf_r
                0x0000000000013c7a      0x29e d:/mounriver/mounriver_studio/toolchain/risc-v embedded gcc/bin/../lib/gcc/riscv-none-embed/8.2.0/../../../../riscv-none-embed/lib/rv32imafc/ilp32f\libg_nano.a(lib_a-nano-vfprintf.o)
                0x0000000000013c7a                _vfprintf_r
                0x0000000000013c7a                _vfiprintf_r
 .text._sbrk_r  0x0000000000013f18       0x32 d:/mounriver/mounriver_studio/toolchain/risc-v embedded gcc/bin/../lib/gcc/riscv-none-embed/8.2.0/../../../../riscv-none-embed/lib/rv32imafc/ilp32f\libg_nano.a(lib_a-sbrkr.o)
                0x0000000000013f18                _sbrk_r
 .text.__sread  0x0000000000013f4a       0x30 d:/mounriver/mounriver_studio/toolchain/risc-v embedded gcc/bin/../lib/gcc/riscv-none-embed/8.2.0/../../../../riscv-none-embed/lib/rv32imafc/ilp32f\libg_nano.a(lib_a-stdio.o)
                0x0000000000013f4a                __sread
 .text.__swrite
                0x0000000000013f7a       0x4e d:/mounriver/mounriver_studio/toolchain/risc-v embedded gcc/bin/../lib/gcc/riscv-none-embed/8.2.0/../../../../riscv-none-embed/lib/rv32imafc/ilp32f\libg_nano.a(lib_a-stdio.o)
                0x0000000000013f7a                __swrite
 .text.__sseek  0x0000000000013fc8       0x36 d:/mounriver/mounriver_studio/toolchain/risc-v embedded gcc/bin/../lib/gcc/riscv-none-embed/8.2.0/../../../../riscv-none-embed/lib/rv32imafc/ilp32f\libg_nano.a(lib_a-stdio.o)
                0x0000000000013fc8                __sseek
 .text.__sclose
                0x0000000000013ffe        0x6 d:/mounriver/mounriver_studio/toolchain/risc-v embedded gcc/bin/../lib/gcc/riscv-none-embed/8.2.0/../../../../riscv-none-embed/lib/rv32imafc/ilp32f\libg_nano.a(lib_a-stdio.o)
                0x0000000000013ffe                __sclose
 .text.__swbuf_r
                0x0000000000014004       0xc2 d:/mounriver/mounriver_studio/toolchain/risc-v embedded gcc/bin/../lib/gcc/riscv-none-embed/8.2.0/../../../../riscv-none-embed/lib/rv32imafc/ilp32f\libg_nano.a(lib_a-wbuf.o)
                0x0000000000014004                __swbuf_r
 .text._write_r
                0x00000000000140c6       0x36 d:/mounriver/mounriver_studio/toolchain/risc-v embedded gcc/bin/../lib/gcc/riscv-none-embed/8.2.0/../../../../riscv-none-embed/lib/rv32imafc/ilp32f\libg_nano.a(lib_a-writer.o)
                0x00000000000140c6                _write_r
 .text.__swsetup_r
                0x00000000000140fc      0x110 d:/mounriver/mounriver_studio/toolchain/risc-v embedded gcc/bin/../lib/gcc/riscv-none-embed/8.2.0/../../../../riscv-none-embed/lib/rv32imafc/ilp32f\libg_nano.a(lib_a-wsetup.o)
                0x00000000000140fc                __swsetup_r
 .text._close_r
                0x000000000001420c       0x32 d:/mounriver/mounriver_studio/toolchain/risc-v embedded gcc/bin/../lib/gcc/riscv-none-embed/8.2.0/../../../../riscv-none-embed/lib/rv32imafc/ilp32f\libg_nano.a(lib_a-closer.o)
                0x000000000001420c                _close_r
 .text.__sflush_r
                0x000000000001423e      0x13e d:/mounriver/mounriver_studio/toolchain/risc-v embedded gcc/bin/../lib/gcc/riscv-none-embed/8.2.0/../../../../riscv-none-embed/lib/rv32imafc/ilp32f\libg_nano.a(lib_a-fflush.o)
                0x000000000001423e                __sflush_r
 .text._fflush_r
                0x000000000001437c       0x68 d:/mounriver/mounriver_studio/toolchain/risc-v embedded gcc/bin/../lib/gcc/riscv-none-embed/8.2.0/../../../../riscv-none-embed/lib/rv32imafc/ilp32f\libg_nano.a(lib_a-fflush.o)
                0x000000000001437c                _fflush_r
 .text._lseek_r
                0x00000000000143e4       0x34 d:/mounriver/mounriver_studio/toolchain/risc-v embedded gcc/bin/../lib/gcc/riscv-none-embed/8.2.0/../../../../riscv-none-embed/lib/rv32imafc/ilp32f\libg_nano.a(lib_a-lseekr.o)
                0x00000000000143e4                _lseek_r
 .text.__swhatbuf_r
                0x0000000000014418       0x58 d:/mounriver/mounriver_studio/toolchain/risc-v embedded gcc/bin/../lib/gcc/riscv-none-embed/8.2.0/../../../../riscv-none-embed/lib/rv32imafc/ilp32f\libg_nano.a(lib_a-makebuf.o)
                0x0000000000014418                __swhatbuf_r
 .text.__smakebuf_r
                0x0000000000014470       0xa0 d:/mounriver/mounriver_studio/toolchain/risc-v embedded gcc/bin/../lib/gcc/riscv-none-embed/8.2.0/../../../../riscv-none-embed/lib/rv32imafc/ilp32f\libg_nano.a(lib_a-makebuf.o)
                0x0000000000014470                __smakebuf_r
 .text.__ascii_mbtowc
                0x0000000000014510       0x3a d:/mounriver/mounriver_studio/toolchain/risc-v embedded gcc/bin/../lib/gcc/riscv-none-embed/8.2.0/../../../../riscv-none-embed/lib/rv32imafc/ilp32f\libg_nano.a(lib_a-mbtowc_r.o)
                0x0000000000014510                __ascii_mbtowc
 .text.memmove  0x000000000001454a       0x4a d:/mounriver/mounriver_studio/toolchain/risc-v embedded gcc/bin/../lib/gcc/riscv-none-embed/8.2.0/../../../../riscv-none-embed/lib/rv32imafc/ilp32f\libg_nano.a(lib_a-memmove.o)
                0x000000000001454a                memmove
 .text.__malloc_lock
                0x0000000000014594        0x2 d:/mounriver/mounriver_studio/toolchain/risc-v embedded gcc/bin/../lib/gcc/riscv-none-embed/8.2.0/../../../../riscv-none-embed/lib/rv32imafc/ilp32f\libg_nano.a(lib_a-mlock.o)
                0x0000000000014594                __malloc_lock
 .text.__malloc_unlock
                0x0000000000014596        0x2 d:/mounriver/mounriver_studio/toolchain/risc-v embedded gcc/bin/../lib/gcc/riscv-none-embed/8.2.0/../../../../riscv-none-embed/lib/rv32imafc/ilp32f\libg_nano.a(lib_a-mlock.o)
                0x0000000000014596                __malloc_unlock
 .text._realloc_r
                0x0000000000014598       0x58 d:/mounriver/mounriver_studio/toolchain/risc-v embedded gcc/bin/../lib/gcc/riscv-none-embed/8.2.0/../../../../riscv-none-embed/lib/rv32imafc/ilp32f\libg_nano.a(lib_a-nano-reallocr.o)
                0x0000000000014598                _realloc_r
 .text._read_r  0x00000000000145f0       0x34 d:/mounriver/mounriver_studio/toolchain/risc-v embedded gcc/bin/../lib/gcc/riscv-none-embed/8.2.0/../../../../riscv-none-embed/lib/rv32imafc/ilp32f\libg_nano.a(lib_a-readr.o)
                0x00000000000145f0                _read_r
 .text.__ascii_wctomb
                0x0000000000014624       0x20 d:/mounriver/mounriver_studio/toolchain/risc-v embedded gcc/bin/../lib/gcc/riscv-none-embed/8.2.0/../../../../riscv-none-embed/lib/rv32imafc/ilp32f\libg_nano.a(lib_a-wctomb_r.o)
                0x0000000000014624                __ascii_wctomb
 .text._fstat_r
                0x0000000000014644       0x32 d:/mounriver/mounriver_studio/toolchain/risc-v embedded gcc/bin/../lib/gcc/riscv-none-embed/8.2.0/../../../../riscv-none-embed/lib/rv32imafc/ilp32f\libg_nano.a(lib_a-fstatr.o)
                0x0000000000014644                _fstat_r
 .text._isatty_r
                0x0000000000014676       0x30 d:/mounriver/mounriver_studio/toolchain/risc-v embedded gcc/bin/../lib/gcc/riscv-none-embed/8.2.0/../../../../riscv-none-embed/lib/rv32imafc/ilp32f\libg_nano.a(lib_a-isattyr.o)
                0x0000000000014676                _isatty_r
 .text._malloc_usable_size_r
                0x00000000000146a6       0x14 d:/mounriver/mounriver_studio/toolchain/risc-v embedded gcc/bin/../lib/gcc/riscv-none-embed/8.2.0/../../../../riscv-none-embed/lib/rv32imafc/ilp32f\libg_nano.a(lib_a-nano-msizer.o)
                0x00000000000146a6                _malloc_usable_size_r
 .text.__trunctfdf2
                0x00000000000146ba      0x3d0 d:/mounriver/mounriver_studio/toolchain/risc-v embedded gcc/bin/../lib/gcc/riscv-none-embed/8.2.0/rv32imafc/ilp32f\libgcc.a(trunctfdf2.o)
                0x00000000000146ba                __trunctfdf2
 .text._close   0x0000000000014a8a       0x10 d:/mounriver/mounriver_studio/toolchain/risc-v embedded gcc/bin/../lib/gcc/riscv-none-embed/8.2.0/../../../../riscv-none-embed/lib/rv32imafc/ilp32f\libnosys.a(close.o)
                0x0000000000014a8a                _close
 .text._fstat   0x0000000000014a9a       0x10 d:/mounriver/mounriver_studio/toolchain/risc-v embedded gcc/bin/../lib/gcc/riscv-none-embed/8.2.0/../../../../riscv-none-embed/lib/rv32imafc/ilp32f\libnosys.a(fstat.o)
                0x0000000000014a9a                _fstat
 .text._isatty  0x0000000000014aaa       0x10 d:/mounriver/mounriver_studio/toolchain/risc-v embedded gcc/bin/../lib/gcc/riscv-none-embed/8.2.0/../../../../riscv-none-embed/lib/rv32imafc/ilp32f\libnosys.a(isatty.o)
                0x0000000000014aaa                _isatty
 .text._lseek   0x0000000000014aba       0x10 d:/mounriver/mounriver_studio/toolchain/risc-v embedded gcc/bin/../lib/gcc/riscv-none-embed/8.2.0/../../../../riscv-none-embed/lib/rv32imafc/ilp32f\libnosys.a(lseek.o)
                0x0000000000014aba                _lseek
 .text._read    0x0000000000014aca       0x10 d:/mounriver/mounriver_studio/toolchain/risc-v embedded gcc/bin/../lib/gcc/riscv-none-embed/8.2.0/../../../../riscv-none-embed/lib/rv32imafc/ilp32f\libnosys.a(read.o)
                0x0000000000014aca                _read
 .text._sbrk    0x0000000000014ada       0x24 d:/mounriver/mounriver_studio/toolchain/risc-v embedded gcc/bin/../lib/gcc/riscv-none-embed/8.2.0/../../../../riscv-none-embed/lib/rv32imafc/ilp32f\libnosys.a(sbrk.o)
                0x0000000000014ada                _sbrk
 *(.rodata)
 *fill*         0x0000000000014afe        0x2 
 .rodata        0x0000000000014b00       0x49 ./zf_driver/zf_driver_adc.o
 *fill*         0x0000000000014b49        0x3 
 .rodata        0x0000000000014b4c       0x4d ./zf_driver/zf_driver_encoder.o
 *fill*         0x0000000000014b99        0x3 
 .rodata        0x0000000000014b9c       0x71 ./zf_driver/zf_driver_pit.o
 *fill*         0x0000000000014c0d        0x3 
 .rodata        0x0000000000014c10       0x49 ./zf_driver/zf_driver_pwm.o
 *fill*         0x0000000000014c59        0x3 
 .rodata        0x0000000000014c5c       0x4e ./zf_driver/zf_driver_soft_iic.o
 *fill*         0x0000000000014caa        0x2 
 .rodata        0x0000000000014cac       0x49 ./zf_driver/zf_driver_spi.o
 *fill*         0x0000000000014cf5        0x3 
 .rodata        0x0000000000014cf8       0x4b ./zf_driver/zf_driver_timer.o
 *fill*         0x0000000000014d43        0x1 
 .rodata        0x0000000000014d44       0x4a ./zf_driver/zf_driver_uart.o
 *fill*         0x0000000000014d8e        0x2 
 .rodata        0x0000000000014d90        0x8 ./zf_device/zf_device_dm1xa.o
 .rodata        0x0000000000014d98       0x8a ./zf_device/zf_device_mt9v03x_dvp.o
 *fill*         0x0000000000014e22        0x2 
 .rodata        0x0000000000014e24       0x54 ./zf_device/zf_device_tft180.o
 .rodata        0x0000000000014e78       0x78 ./zf_common/zf_common_debug.o
 .rodata        0x0000000000014ef0       0x4a ./zf_common/zf_common_fifo.o
 *fill*         0x0000000000014f3a        0x6 
 .rodata        0x0000000000014f40       0x90 ./zf_common/zf_common_function.o
 .rodata        0x0000000000014fd0       0x10 ./user_c/isr.o
 .rodata        0x0000000000014fe0       0x24 ./user_c/main.o
 .rodata        0x0000000000015004       0x41 ./sdk/Peripheral/ch32v30x_usbotg_device.o
 *fill*         0x0000000000015045        0x3 
 .rodata        0x0000000000015048       0x24 ./code/ADC.o
 *fill*         0x000000000001506c        0x4 
 .rodata        0x0000000000015070       0x20 ./code/bluetooth.o
 .rodata        0x0000000000015090       0x44 ./code/control.o
 *fill*         0x00000000000150d4        0x4 
 .rodata        0x00000000000150d8      0x1c4 ./code/key.o
 *fill*         0x000000000001529c        0x4 
 .rodata        0x00000000000152a0       0x50 ./code/tuoluoyi.o
 *(.rodata*)
 .rodata.encoder_get_count
                0x00000000000152f0       0x28 ./zf_driver/zf_driver_encoder.o
 .rodata.encoder_clear_count
                0x0000000000015318       0x28 ./zf_driver/zf_driver_encoder.o
 .rodata.encoder_dir_init
                0x0000000000015340       0x28 ./zf_driver/zf_driver_encoder.o
 .rodata.pit_init
                0x0000000000015368       0x28 ./zf_driver/zf_driver_pit.o
 .rodata.pwm_set_duty
                0x0000000000015390       0x28 ./zf_driver/zf_driver_pwm.o
 .rodata.pwm_init
                0x00000000000153b8       0x28 ./zf_driver/zf_driver_pwm.o
 .rodata.spi_index
                0x00000000000153e0        0xc ./zf_driver/zf_driver_spi.o
                0x00000000000153e0                spi_index
 .rodata.timer_start
                0x00000000000153ec       0x28 ./zf_driver/zf_driver_timer.o
 .rodata.timer_get
                0x0000000000015414       0x28 ./zf_driver/zf_driver_timer.o
 .rodata.timer_clear
                0x000000000001543c       0x28 ./zf_driver/zf_driver_timer.o
 .rodata.timer_init
                0x0000000000015464       0x28 ./zf_driver/zf_driver_timer.o
 .rodata.uart_index
                0x000000000001548c       0x20 ./zf_driver/zf_driver_uart.o
                0x000000000001548c                uart_index
 .rodata.ascii_font_8x16
                0x00000000000154ac      0x5f0 ./zf_common/zf_common_font.o
                0x00000000000154ac                ascii_font_8x16
 .rodata.ascii_font_6x8
                0x0000000000015a9c      0x228 ./zf_common/zf_common_font.o
                0x0000000000015a9c                ascii_font_6x8
 .rodata.MyDevDescrHD
                0x0000000000015cc4       0x12 ./sdk/Peripheral/ch32v30x_usbotg_device.o
                0x0000000000015cc4                MyDevDescrHD
 *fill*         0x0000000000015cd6        0x2 
 .rodata.MyCfgDescrHD
                0x0000000000015cd8       0x43 ./sdk/Peripheral/ch32v30x_usbotg_device.o
                0x0000000000015cd8                MyCfgDescrHD
 *fill*         0x0000000000015d1b        0x1 
 .rodata.MyReportDescHD
                0x0000000000015d1c       0x14 ./sdk/Peripheral/ch32v30x_usbotg_device.o
                0x0000000000015d1c                MyReportDescHD
 .rodata.MyManuInfoHD
                0x0000000000015d30        0xe ./sdk/Peripheral/ch32v30x_usbotg_device.o
                0x0000000000015d30                MyManuInfoHD
 *fill*         0x0000000000015d3e        0x2 
 .rodata.MyProdInfoHD
                0x0000000000015d40        0xc ./sdk/Peripheral/ch32v30x_usbotg_device.o
                0x0000000000015d40                MyProdInfoHD
 .rodata.MySerNumInfoHD
                0x0000000000015d4c       0x16 ./sdk/Peripheral/ch32v30x_usbotg_device.o
                0x0000000000015d4c                MySerNumInfoHD
 *fill*         0x0000000000015d62        0x2 
 .rodata.MyUSBQUADescHD
                0x0000000000015d64        0xa ./sdk/Peripheral/ch32v30x_usbotg_device.o
                0x0000000000015d64                MyUSBQUADescHD
 *fill*         0x0000000000015d6e        0x2 
 .rodata.OTG_FS_IRQHandler
                0x0000000000015d70       0xbc ./sdk/Peripheral/ch32v30x_usbotg_device.o
 .rodata.Adinductance_getval
                0x0000000000015e2c       0x14 ./code/ADC.o
 .rodata.key_scan3
                0x0000000000015e40       0x50 ./code/key.o
 .rodata.__divdf3
                0x0000000000015e90       0x40 d:/mounriver/mounriver_studio/toolchain/risc-v embedded gcc/bin/../lib/gcc/riscv-none-embed/8.2.0/rv32imafc/ilp32f\libgcc.a(divdf3.o)
 .rodata.__muldf3
                0x0000000000015ed0       0x40 d:/mounriver/mounriver_studio/toolchain/risc-v embedded gcc/bin/../lib/gcc/riscv-none-embed/8.2.0/rv32imafc/ilp32f\libgcc.a(muldf3.o)
 .rodata.__clz_tab
                0x0000000000015f10      0x100 d:/mounriver/mounriver_studio/toolchain/risc-v embedded gcc/bin/../lib/gcc/riscv-none-embed/8.2.0/rv32imafc/ilp32f\libgcc.a(_clz.o)
                0x0000000000015f10                __clz_tab
 .rodata._printf_float.cst8
                0x0000000000016010        0x8 d:/mounriver/mounriver_studio/toolchain/risc-v embedded gcc/bin/../lib/gcc/riscv-none-embed/8.2.0/../../../../riscv-none-embed/lib/rv32imafc/ilp32f\libg_nano.a(lib_a-nano-vfprintf_float.o)
 .rodata._printf_float.str1.4
                0x0000000000016018       0x12 d:/mounriver/mounriver_studio/toolchain/risc-v embedded gcc/bin/../lib/gcc/riscv-none-embed/8.2.0/../../../../riscv-none-embed/lib/rv32imafc/ilp32f\libg_nano.a(lib_a-nano-vfprintf_float.o)
 *fill*         0x000000000001602a        0x2 
 .rodata._printf_i.str1.4
                0x000000000001602c       0x25 d:/mounriver/mounriver_studio/toolchain/risc-v embedded gcc/bin/../lib/gcc/riscv-none-embed/8.2.0/../../../../riscv-none-embed/lib/rv32imafc/ilp32f\libg_nano.a(lib_a-nano-vfprintf_i.o)
 *fill*         0x0000000000016051        0x7 
 .rodata._dtoa_r.cst8
                0x0000000000016058       0x48 d:/mounriver/mounriver_studio/toolchain/risc-v embedded gcc/bin/../lib/gcc/riscv-none-embed/8.2.0/../../../../riscv-none-embed/lib/rv32imafc/ilp32f\libg_nano.a(lib_a-dtoa.o)
 .rodata._dtoa_r.str1.4
                0x00000000000160a0       0x10 d:/mounriver/mounriver_studio/toolchain/risc-v embedded gcc/bin/../lib/gcc/riscv-none-embed/8.2.0/../../../../riscv-none-embed/lib/rv32imafc/ilp32f\libg_nano.a(lib_a-dtoa.o)
                                         0x12 (size before relaxing)
 .rodata.__sf_fake_stderr
                0x00000000000160b0       0x20 d:/mounriver/mounriver_studio/toolchain/risc-v embedded gcc/bin/../lib/gcc/riscv-none-embed/8.2.0/../../../../riscv-none-embed/lib/rv32imafc/ilp32f\libg_nano.a(lib_a-findfp.o)
                0x00000000000160b0                __sf_fake_stderr
 .rodata.__sf_fake_stdin
                0x00000000000160d0       0x20 d:/mounriver/mounriver_studio/toolchain/risc-v embedded gcc/bin/../lib/gcc/riscv-none-embed/8.2.0/../../../../riscv-none-embed/lib/rv32imafc/ilp32f\libg_nano.a(lib_a-findfp.o)
                0x00000000000160d0                __sf_fake_stdin
 .rodata.__sf_fake_stdout
                0x00000000000160f0       0x20 d:/mounriver/mounriver_studio/toolchain/risc-v embedded gcc/bin/../lib/gcc/riscv-none-embed/8.2.0/../../../../riscv-none-embed/lib/rv32imafc/ilp32f\libg_nano.a(lib_a-findfp.o)
                0x00000000000160f0                __sf_fake_stdout
 .rodata.__mprec_bigtens
                0x0000000000016110       0x28 d:/mounriver/mounriver_studio/toolchain/risc-v embedded gcc/bin/../lib/gcc/riscv-none-embed/8.2.0/../../../../riscv-none-embed/lib/rv32imafc/ilp32f\libg_nano.a(lib_a-mprec.o)
                0x0000000000016110                __mprec_bigtens
 .rodata.__mprec_tens
                0x0000000000016138       0xc8 d:/mounriver/mounriver_studio/toolchain/risc-v embedded gcc/bin/../lib/gcc/riscv-none-embed/8.2.0/../../../../riscv-none-embed/lib/rv32imafc/ilp32f\libg_nano.a(lib_a-mprec.o)
                0x0000000000016138                __mprec_tens
 .rodata.p05.3321
                0x0000000000016200        0xc d:/mounriver/mounriver_studio/toolchain/risc-v embedded gcc/bin/../lib/gcc/riscv-none-embed/8.2.0/../../../../riscv-none-embed/lib/rv32imafc/ilp32f\libg_nano.a(lib_a-mprec.o)
 .rodata._svfprintf_r.str1.4
                0x000000000001620c       0x13 d:/mounriver/mounriver_studio/toolchain/risc-v embedded gcc/bin/../lib/gcc/riscv-none-embed/8.2.0/../../../../riscv-none-embed/lib/rv32imafc/ilp32f\libg_nano.a(lib_a-nano-svfprintf.o)
 .rodata._vfprintf_r.str1.4
                0x000000000001621f       0x13 d:/mounriver/mounriver_studio/toolchain/risc-v embedded gcc/bin/../lib/gcc/riscv-none-embed/8.2.0/../../../../riscv-none-embed/lib/rv32imafc/ilp32f\libg_nano.a(lib_a-nano-vfprintf.o)
 *fill*         0x000000000001621f        0x1 
 .rodata._setlocale_r.str1.4
                0x0000000000016220        0xa d:/mounriver/mounriver_studio/toolchain/risc-v embedded gcc/bin/../lib/gcc/riscv-none-embed/8.2.0/../../../../riscv-none-embed/lib/rv32imafc/ilp32f\libg_nano.a(lib_a-locale.o)
                                          0xd (size before relaxing)
 *fill*         0x000000000001622a        0x2 
 .rodata.str1.4
                0x000000000001622c        0x4 d:/mounriver/mounriver_studio/toolchain/risc-v embedded gcc/bin/../lib/gcc/riscv-none-embed/8.2.0/../../../../riscv-none-embed/lib/rv32imafc/ilp32f\libg_nano.a(lib_a-locale.o)
                                          0x2 (size before relaxing)
 .rodata._ctype_
                0x0000000000016230      0x101 d:/mounriver/mounriver_studio/toolchain/risc-v embedded gcc/bin/../lib/gcc/riscv-none-embed/8.2.0/../../../../riscv-none-embed/lib/rv32imafc/ilp32f\libg_nano.a(lib_a-ctype_.o)
                0x0000000000016230                _ctype_
 *(.glue_7)
 *(.glue_7t)
 *(.gnu.linkonce.t.*)
                0x0000000000016334                . = ALIGN (0x4)
 *fill*         0x0000000000016331        0x3 

.rela.dyn       0x0000000000016334        0x0
 .rela.init     0x0000000000016334        0x0 ./zf_driver/zf_driver_adc.o
 .rela.vector   0x0000000000016334        0x0 ./zf_driver/zf_driver_adc.o
 .rela.text.handle_reset
                0x0000000000016334        0x0 ./zf_driver/zf_driver_adc.o
 .rela.text._svfprintf_r
                0x0000000000016334        0x0 ./zf_driver/zf_driver_adc.o
 .rela.text._vfprintf_r
                0x0000000000016334        0x0 ./zf_driver/zf_driver_adc.o
 .rela.text._sbrk_r
                0x0000000000016334        0x0 ./zf_driver/zf_driver_adc.o
 .rela.text._write_r
                0x0000000000016334        0x0 ./zf_driver/zf_driver_adc.o
 .rela.text._close_r
                0x0000000000016334        0x0 ./zf_driver/zf_driver_adc.o
 .rela.text._lseek_r
                0x0000000000016334        0x0 ./zf_driver/zf_driver_adc.o
 .rela.text._read_r
                0x0000000000016334        0x0 ./zf_driver/zf_driver_adc.o
 .rela.text._fstat_r
                0x0000000000016334        0x0 ./zf_driver/zf_driver_adc.o
 .rela.text._isatty_r
                0x0000000000016334        0x0 ./zf_driver/zf_driver_adc.o
 .rela.text._close
                0x0000000000016334        0x0 ./zf_driver/zf_driver_adc.o
 .rela.text._fstat
                0x0000000000016334        0x0 ./zf_driver/zf_driver_adc.o
 .rela.text._isatty
                0x0000000000016334        0x0 ./zf_driver/zf_driver_adc.o
 .rela.text._lseek
                0x0000000000016334        0x0 ./zf_driver/zf_driver_adc.o
 .rela.text._read
                0x0000000000016334        0x0 ./zf_driver/zf_driver_adc.o
 .rela.text._sbrk
                0x0000000000016334        0x0 ./zf_driver/zf_driver_adc.o

.fini           0x0000000000016334        0x0
 *(SORT_NONE(.fini))
                0x0000000000016334                . = ALIGN (0x4)
                [!provide]                        PROVIDE (_etext = .)
                [!provide]                        PROVIDE (_eitcm = .)

.preinit_array  0x0000000000016334        0x0
                [!provide]                        PROVIDE (__preinit_array_start = .)
 *(.preinit_array)
                [!provide]                        PROVIDE (__preinit_array_end = .)

.init_array     0x0000000000016334        0x0
                [!provide]                        PROVIDE (__init_array_start = .)
 *(SORT_BY_INIT_PRIORITY(.init_array.*) SORT_BY_INIT_PRIORITY(.ctors.*))
 *(.init_array EXCLUDE_FILE(*crtend?.o *crtend.o *crtbegin?.o *crtbegin.o) .ctors)
                [!provide]                        PROVIDE (__init_array_end = .)

.fini_array     0x0000000000016334        0x0
                [!provide]                        PROVIDE (__fini_array_start = .)
 *(SORT_BY_INIT_PRIORITY(.fini_array.*) SORT_BY_INIT_PRIORITY(.dtors.*))
 *(.fini_array EXCLUDE_FILE(*crtend?.o *crtend.o *crtbegin?.o *crtbegin.o) .dtors)
                [!provide]                        PROVIDE (__fini_array_end = .)

.ctors
 *crtbegin.o(.ctors)
 *crtbegin?.o(.ctors)
 *(EXCLUDE_FILE(*crtend?.o *crtend.o) .ctors)
 *(SORT_BY_NAME(.ctors.*))
 *(.ctors)

.dtors
 *crtbegin.o(.dtors)
 *crtbegin?.o(.dtors)
 *(EXCLUDE_FILE(*crtend?.o *crtend.o) .dtors)
 *(SORT_BY_NAME(.dtors.*))
 *(.dtors)

.dalign         0x0000000020000000        0x0 load address 0x0000000000016334
                0x0000000020000000                . = ALIGN (0x4)
                0x0000000020000000                PROVIDE (_data_vma = .)

.dlalign        0x0000000000016334        0x0
                0x0000000000016334                . = ALIGN (0x4)
                0x0000000000016334                PROVIDE (_data_lma = .)

.data           0x0000000020000000      0x330 load address 0x0000000000016334
 *(.gnu.linkonce.r.*)
 *(.data .data.*)
 .data.encoder_dir_pin
                0x0000000020000000        0xa ./zf_driver/zf_driver_encoder.o
 *fill*         0x000000002000000a        0x2 
 .data.gpio_group
                0x000000002000000c       0x14 ./zf_driver/zf_driver_gpio.o
                0x000000002000000c                gpio_group
 .data.mt9v03x_set_confing_buffer
                0x0000000020000020       0x28 ./zf_device/zf_device_mt9v03x_dvp.o
 .data.mt9v03x_get_confing_buffer
                0x0000000020000048       0x24 ./zf_device/zf_device_mt9v03x_dvp.o
 .data.APBAHBPrescTable
                0x000000002000006c       0x10 ./sdk/Peripheral/ch32v30x_rcc.o
 .data.TAB_USB_FS_OSC_DESC
                0x000000002000007c       0x43 ./sdk/Peripheral/ch32v30x_usbotg_device.o
                0x000000002000007c                TAB_USB_FS_OSC_DESC
 *fill*         0x00000000200000bf        0x1 
 .data.impure_data
                0x00000000200000c0       0x60 d:/mounriver/mounriver_studio/toolchain/risc-v embedded gcc/bin/../lib/gcc/riscv-none-embed/8.2.0/../../../../riscv-none-embed/lib/rv32imafc/ilp32f\libg_nano.a(lib_a-impure.o)
 .data.__global_locale
                0x0000000020000120      0x16c d:/mounriver/mounriver_studio/toolchain/risc-v embedded gcc/bin/../lib/gcc/riscv-none-embed/8.2.0/../../../../riscv-none-embed/lib/rv32imafc/ilp32f\libg_nano.a(lib_a-locale.o)
                0x0000000020000120                __global_locale
 *(.gnu.linkonce.d.*)
                0x0000000020000290                . = ALIGN (0x8)
 *fill*         0x000000002000028c        0x4 
                0x0000000020000a90                PROVIDE (__global_pointer$ = (. + 0x800))
 *(.sdata .sdata.*)
 .sdata.adc_index
                0x0000000020000290        0x8 ./zf_driver/zf_driver_adc.o
 .sdata.dm1xa_distance_mm
                0x0000000020000298        0x2 ./zf_device/zf_device_dm1xa.o
 .sdata.tft180_pencolor
                0x000000002000029a        0x2 ./zf_device/zf_device_tft180.o
 .sdata.tft180_bgcolor
                0x000000002000029c        0x2 ./zf_device/zf_device_tft180.o
 *fill*         0x000000002000029e        0x2 
 .sdata.tft180_display_font
                0x00000000200002a0        0x4 ./zf_device/zf_device_tft180.o
 .sdata.tft180_x_max
                0x00000000200002a4        0x1 ./zf_device/zf_device_tft180.o
 .sdata.tft180_y_max
                0x00000000200002a5        0x1 ./zf_device/zf_device_tft180.o
 *fill*         0x00000000200002a6        0x2 
 .sdata.camera_uart_handler
                0x00000000200002a8        0x4 ./zf_device/zf_device_type.o
                0x00000000200002a8                camera_uart_handler
 .sdata.camera_dvp_handler
                0x00000000200002ac        0x4 ./zf_device/zf_device_type.o
                0x00000000200002ac                camera_dvp_handler
 .sdata.wireless_module_uart_handler
                0x00000000200002b0        0x4 ./zf_device/zf_device_type.o
                0x00000000200002b0                wireless_module_uart_handler
 .sdata.system_clock
                0x00000000200002b4        0x4 ./zf_common/zf_common_clock.o
                0x00000000200002b4                system_clock
 .sdata.zf_debug_assert_enable
                0x00000000200002b8        0x1 ./zf_common/zf_common_debug.o
 *fill*         0x00000000200002b9        0x3 
 .sdata.ADCPrescTable
                0x00000000200002bc        0x4 ./sdk/Peripheral/ch32v30x_rcc.o
 .sdata.USBHD_Dev_Speed
                0x00000000200002c0        0x1 ./sdk/Peripheral/ch32v30x_usbotg_device.o
                0x00000000200002c0                USBHD_Dev_Speed
 *fill*         0x00000000200002c1        0x3 
 .sdata.LineCoding
                0x00000000200002c4        0x7 ./sdk/Peripheral/ch32v30x_usbotg_device.o
                0x00000000200002c4                LineCoding
 *fill*         0x00000000200002cb        0x1 
 .sdata.KA      0x00000000200002cc        0x4 ./code/ADC.o
                0x00000000200002cc                KA
 .sdata.KB      0x00000000200002d0        0x4 ./code/ADC.o
                0x00000000200002d0                KB
 .sdata.Limit   0x00000000200002d4        0x4 ./code/ADC.o
                0x00000000200002d4                Limit
 .sdata.Cam_Servo_Kp
                0x00000000200002d8        0x4 ./code/PID.o
                0x00000000200002d8                Cam_Servo_Kp
 .sdata.Cam_Servo_Kd
                0x00000000200002dc        0x4 ./code/PID.o
                0x00000000200002dc                Cam_Servo_Kd
 .sdata.skp     0x00000000200002e0        0x4 ./code/PID.o
                0x00000000200002e0                skp
 .sdata.ski     0x00000000200002e4        0x4 ./code/PID.o
                0x00000000200002e4                ski
 .sdata.onceflag
                0x00000000200002e8        0x2 ./code/bluetooth.o
                0x00000000200002e8                onceflag
 *fill*         0x00000000200002ea        0x2 
 .sdata.th      0x00000000200002ec        0x4 ./code/camera.o
                0x00000000200002ec                th
 .sdata.X_define
                0x00000000200002f0        0x2 ./code/camera.o
                0x00000000200002f0                X_define
 .sdata.Y_define
                0x00000000200002f2        0x2 ./code/camera.o
                0x00000000200002f2                Y_define
 .sdata.reverse_perspective_switch
                0x00000000200002f4        0x2 ./code/camera.o
                0x00000000200002f4                reverse_perspective_switch
 *fill*         0x00000000200002f6        0x2 
 .sdata.set_speed_left
                0x00000000200002f8        0x4 ./code/control.o
                0x00000000200002f8                set_speed_left
 .sdata.set_speed_right
                0x00000000200002fc        0x4 ./code/control.o
                0x00000000200002fc                set_speed_right
 .sdata.speed_define
                0x0000000020000300        0x4 ./code/control.o
                0x0000000020000300                speed_define
 .sdata.adc_kp  0x0000000020000304        0x4 ./code/control.o
                0x0000000020000304                adc_kp
 .sdata.adc_kd  0x0000000020000308        0x4 ./code/control.o
                0x0000000020000308                adc_kd
 .sdata.car_distance_def
                0x000000002000030c        0x2 ./code/control.o
                0x000000002000030c                car_distance_def
 *fill*         0x000000002000030e        0x2 
 .sdata.flag_tc
                0x0000000020000310        0x4 ./code/key.o
                0x0000000020000310                flag_tc
 .sdata.point   0x0000000020000314        0x4 ./code/key.o
                0x0000000020000314                point
 .sdata._impure_ptr
                0x0000000020000318        0x4 d:/mounriver/mounriver_studio/toolchain/risc-v embedded gcc/bin/../lib/gcc/riscv-none-embed/8.2.0/../../../../riscv-none-embed/lib/rv32imafc/ilp32f\libg_nano.a(lib_a-impure.o)
                0x0000000020000318                _impure_ptr
 *(.sdata2.*)
 .sdata2.uart_irq
                0x000000002000031c        0x8 ./zf_driver/zf_driver_uart.o
                0x000000002000031c                uart_irq
 .sdata2.MyLangDescrHD
                0x0000000020000324        0x4 ./sdk/Peripheral/ch32v30x_usbotg_device.o
                0x0000000020000324                MyLangDescrHD
 .sdata2._global_impure_ptr
                0x0000000020000328        0x4 d:/mounriver/mounriver_studio/toolchain/risc-v embedded gcc/bin/../lib/gcc/riscv-none-embed/8.2.0/../../../../riscv-none-embed/lib/rv32imafc/ilp32f\libg_nano.a(lib_a-impure.o)
                0x0000000020000328                _global_impure_ptr
 *(.gnu.linkonce.s.*)
                0x0000000020000330                . = ALIGN (0x8)
 *fill*         0x000000002000032c        0x4 
 *(.srodata.cst16)
 *(.srodata.cst8)
 *(.srodata.cst4)
 *(.srodata.cst2)
 *(.srodata .srodata.*)
                0x0000000020000330                . = ALIGN (0x4)
                0x0000000020000330                PROVIDE (_edata = .)

.bss            0x0000000020000330     0x504c load address 0x0000000000016664
                0x0000000020000330                . = ALIGN (0x4)
                0x0000000020000330                PROVIDE (_sbss = .)
 *(.sbss*)
 .sbss.adc_resolution
                0x0000000020000330        0x2 ./zf_driver/zf_driver_adc.o
 *fill*         0x0000000020000332        0x2 
 .sbss.camera_receiver_buffer
                0x0000000020000334        0x8 ./zf_device/zf_device_camera.o
                0x0000000020000334                camera_receiver_buffer
 .sbss.dm1xa_plus_count
                0x000000002000033c        0x4 ./zf_device/zf_device_dm1xa.o
 .sbss.dm1xa_type
                0x0000000020000340        0x4 ./zf_device/zf_device_dm1xa.o
 .sbss.dm1xa_ranging_state
                0x0000000020000344        0x4 ./zf_device/zf_device_dm1xa.o
 .sbss.imu660ra_gyro_x
                0x0000000020000348        0x2 ./zf_device/zf_device_imu660ra.o